tasks.c:730:13:xTaskCreate	56	static
tasks.c:821:13:prvInitialiseNewTask	40	static
tasks.c:1072:13:prvAddNewTaskToReadyList	16	static
tasks.c:1157:7:vTaskDelete	24	static
tasks.c:1252:7:vTaskDelayUntil	48	static
tasks.c:1336:7:vTaskDelay	24	static
tasks.c:1381:13:eTaskGetState	40	static
tasks.c:1473:14:uxTaskPriorityGet	24	static
tasks.c:1495:14:uxTaskPriorityGetFromISR	40	static
tasks.c:1535:7:vTaskPrioritySet	40	static
tasks.c:1699:7:vTaskSuspend	24	static
tasks.c:1800:20:prvTaskIsTaskSuspended	32	static
tasks.c:1846:7:vTaskResume	24	static
tasks.c:1900:13:xTaskResumeFromISR	48	static
tasks.c:1970:6:vTaskStartScheduler	32	static
tasks.c:2092:6:vTaskEndScheduler	16	static
tasks.c:2103:6:vTaskSuspendAll	4	static
tasks.c:2177:12:xTaskResumeAll	32	static
tasks.c:2309:12:xTaskGetTickCount	16	static
tasks.c:2324:12:xTaskGetTickCountFromISR	16	static
tasks.c:2355:13:uxTaskGetNumberOfTasks	4	static
tasks.c:2363:7:pcTaskGetName	24	static
tasks.c:2510:14:uxTaskGetSystemState	32	static
tasks.c:2614:12:xTaskCatchUpTicks	24	static
tasks.c:2708:12:xTaskIncrementTick	32	static
tasks.c:2990:6:vTaskSwitchContext	32	static
tasks.c:3063:6:vTaskPlaceOnEventList	24	static
tasks.c:3080:6:vTaskPlaceOnUnorderedEventList	32	static
tasks.c:3106:7:vTaskPlaceOnEventListRestricted	32	static
tasks.c:3137:12:xTaskRemoveFromEventList	32	static
tasks.c:3205:6:vTaskRemoveFromUnorderedEventList	32	static
tasks.c:3239:6:vTaskSetTimeOutState	24	static
tasks.c:3251:6:vTaskInternalSetTimeOutState	16	static
tasks.c:3259:12:xTaskCheckForTimeOut	40	static
tasks.c:3322:6:vTaskMissedYield	4	static
tasks.c:3330:14:uxTaskGetTaskNumber	24	static
tasks.c:3353:7:vTaskSetTaskNumber	24	static
tasks.c:3377:8:prvIdleTask	16	static
tasks.c:3589:13:prvInitialiseTaskLists	16	static
tasks.c:3621:13:prvCheckTasksWaitingTermination	16	static
tasks.c:3652:7:vTaskGetInfo	32	static
tasks.c:3748:21:prvListTasksWithinSingleList	48	static
tasks.c:3781:32:prvTaskCheckFreeStackSpace	24	static
tasks.c:3869:14:prvDeleteTCB	16	static
tasks.c:3923:13:prvResetNextTaskUnblockTime	16	static
tasks.c:3949:15:xTaskGetCurrentTaskHandle	16	static
tasks.c:3966:13:xTaskGetSchedulerState	16	static
tasks.c:3994:13:xTaskPriorityInherit	24	static
tasks.c:4084:13:xTaskPriorityDisinherit	32	static
tasks.c:4164:7:vTaskPriorityDisinheritAfterTimeout	40	static
tasks.c:4582:12:uxTaskResetEventItemValue	16	static
tasks.c:4598:15:pvTaskIncrementMutexHeldCount	4	static
tasks.c:4615:11:ulTaskNotifyTake	24	static
tasks.c:4683:13:xTaskNotifyWait	32	static
tasks.c:4763:13:xTaskGenericNotify	48	static
tasks.c:4877:13:xTaskGenericNotifyFromISR	64	static
tasks.c:5006:7:vTaskNotifyGiveFromISR	48	static
tasks.c:5093:13:xTaskNotifyStateClear	24	static
tasks.c:5132:13:prvAddCurrentTaskToDelayedList	24	static
