port.c:208:14:pxPortInitialiseStack	24	static
port.c:329:12:xPortStartScheduler	24	static
port.c:443:6:vPortEndScheduler	16	static
port.c:694:6:vPortStoreTaskMPUSettings	32	static
port.c:577:13:prvSetupMPU	16	static
port.c:640:17:prvGetMPURegionSizeSetting	24	static
port.c:476:6:PendSV_Handler	0	static
port.c:529:6:SysTick_Handler	8	static
port.c:241:6:SVC_Handler	0	static
port.c:298:13:prvRestoreContextOfFirstTask	0	static
port.c:260:13:prvSVCHandler	24	static
port.c:451:6:vPortEnterCritical	16	static
port.c:462:6:vPortExitCritical	24	static
port.c:550:30:vPortSetupTimerInterrupt	4	static
port.c:563:13:vPortEnableVFP	0	static
port.c:664:12:xIsPrivileged	0	static
port.c:681:6:vResetPrivilege	0	static
port.c:792:7:vPortValidateInterruptPriority	24	static
