Archive member included to satisfy reference by file (symbol)

c:/program files (x86)/atollic/truestudio for stm32 9.0.0/armtools/bin/../lib/gcc/arm-atollic-eabi/6.3.1/../../../../arm-atollic-eabi/lib/armv7e-m/fpu\libc_nano.a(lib_a-init.o)
                              src\startup_stm32f40xx.o (__libc_init_array)
c:/program files (x86)/atollic/truestudio for stm32 9.0.0/armtools/bin/../lib/gcc/arm-atollic-eabi/6.3.1/../../../../arm-atollic-eabi/lib/armv7e-m/fpu\libc_nano.a(lib_a-memcpy-stub.o)
                              FreeRTOS\Source\queue.o (memcpy)
c:/program files (x86)/atollic/truestudio for stm32 9.0.0/armtools/bin/../lib/gcc/arm-atollic-eabi/6.3.1/../../../../arm-atollic-eabi/lib/armv7e-m/fpu\libc_nano.a(lib_a-memset.o)
                              FreeRTOS\Source\stream_buffer.o (memset)
c:/program files (x86)/atollic/truestudio for stm32 9.0.0/armtools/bin/../lib/gcc/arm-atollic-eabi/6.3.1/../../../../arm-atollic-eabi/lib/armv7e-m/fpu\libc_nano.a(lib_a-strlen.o)
                              src\tiny_printf.o (strlen)
c:/program files (x86)/atollic/truestudio for stm32 9.0.0/armtools/bin/../lib/gcc/arm-atollic-eabi/6.3.1/../../../../arm-atollic-eabi/lib/armv7e-m/fpu\libnosys.a(write.o)
                              src\tiny_printf.o (_write)
c:/program files (x86)/atollic/truestudio for stm32 9.0.0/armtools/bin/../lib/gcc/arm-atollic-eabi/6.3.1/../../../../arm-atollic-eabi/lib/armv7e-m/fpu\libnosys.a(errno.o)
                              c:/program files (x86)/atollic/truestudio for stm32 9.0.0/armtools/bin/../lib/gcc/arm-atollic-eabi/6.3.1/../../../../arm-atollic-eabi/lib/armv7e-m/fpu\libnosys.a(write.o) (errno)

Allocating common symbols
Common symbol       size              file

DiodeRed            0x8               src\main.o
errno               0x4               c:/program files (x86)/atollic/truestudio for stm32 9.0.0/armtools/bin/../lib/gcc/arm-atollic-eabi/6.3.1/../../../../arm-atollic-eabi/lib/armv7e-m/fpu\libnosys.a(errno.o)
xQueueRegistry      0x40              FreeRTOS\Source\queue.o
cipka               0x4               FreeRTOS\Source\croutine.o
xLed2               0x4               src\main.o
xLed1               0x4               src\main.o
fjutek              0x4               src\main.o
LedGreen            0x8               src\main.o

Memory Configuration

Name             Origin             Length             Attributes
FLASH            0x08000000         0x00100000         xr
RAM              0x20000000         0x00020000         xrw
MEMORY_B1        0x60000000         0x00000000         xr
CCMRAM           0x10000000         0x00010000         rw
*default*        0x00000000         0xffffffff

Linker script and memory map

LOAD c:/program files (x86)/atollic/truestudio for stm32 9.0.0/armtools/bin/../lib/gcc/arm-atollic-eabi/6.3.1/armv7e-m/fpu/crti.o
LOAD c:/program files (x86)/atollic/truestudio for stm32 9.0.0/armtools/bin/../lib/gcc/arm-atollic-eabi/6.3.1/armv7e-m/fpu/crtbegin.o
LOAD FreeRTOS\Source\croutine.o
LOAD FreeRTOS\Source\event_groups.o
LOAD FreeRTOS\Source\list.o
LOAD FreeRTOS\Source\portable\GCC\ARM_CM4F\port.o
LOAD FreeRTOS\Source\portable\MemMang\heap_2.o
LOAD FreeRTOS\Source\queue.o
LOAD FreeRTOS\Source\stream_buffer.o
LOAD FreeRTOS\Source\tasks.o
LOAD FreeRTOS\Source\timers.o
LOAD Libraries\STM32F4xx_StdPeriph_Driver\src\misc.o
LOAD Libraries\STM32F4xx_StdPeriph_Driver\src\stm32f4xx_adc.o
LOAD Libraries\STM32F4xx_StdPeriph_Driver\src\stm32f4xx_can.o
LOAD Libraries\STM32F4xx_StdPeriph_Driver\src\stm32f4xx_crc.o
LOAD Libraries\STM32F4xx_StdPeriph_Driver\src\stm32f4xx_cryp.o
LOAD Libraries\STM32F4xx_StdPeriph_Driver\src\stm32f4xx_cryp_aes.o
LOAD Libraries\STM32F4xx_StdPeriph_Driver\src\stm32f4xx_cryp_des.o
LOAD Libraries\STM32F4xx_StdPeriph_Driver\src\stm32f4xx_cryp_tdes.o
LOAD Libraries\STM32F4xx_StdPeriph_Driver\src\stm32f4xx_dac.o
LOAD Libraries\STM32F4xx_StdPeriph_Driver\src\stm32f4xx_dbgmcu.o
LOAD Libraries\STM32F4xx_StdPeriph_Driver\src\stm32f4xx_dcmi.o
LOAD Libraries\STM32F4xx_StdPeriph_Driver\src\stm32f4xx_dma.o
LOAD Libraries\STM32F4xx_StdPeriph_Driver\src\stm32f4xx_exti.o
LOAD Libraries\STM32F4xx_StdPeriph_Driver\src\stm32f4xx_flash.o
LOAD Libraries\STM32F4xx_StdPeriph_Driver\src\stm32f4xx_fsmc.o
LOAD Libraries\STM32F4xx_StdPeriph_Driver\src\stm32f4xx_gpio.o
LOAD Libraries\STM32F4xx_StdPeriph_Driver\src\stm32f4xx_hash.o
LOAD Libraries\STM32F4xx_StdPeriph_Driver\src\stm32f4xx_hash_md5.o
LOAD Libraries\STM32F4xx_StdPeriph_Driver\src\stm32f4xx_hash_sha1.o
LOAD Libraries\STM32F4xx_StdPeriph_Driver\src\stm32f4xx_i2c.o
LOAD Libraries\STM32F4xx_StdPeriph_Driver\src\stm32f4xx_iwdg.o
LOAD Libraries\STM32F4xx_StdPeriph_Driver\src\stm32f4xx_pwr.o
LOAD Libraries\STM32F4xx_StdPeriph_Driver\src\stm32f4xx_rcc.o
LOAD Libraries\STM32F4xx_StdPeriph_Driver\src\stm32f4xx_rng.o
LOAD Libraries\STM32F4xx_StdPeriph_Driver\src\stm32f4xx_rtc.o
LOAD Libraries\STM32F4xx_StdPeriph_Driver\src\stm32f4xx_sdio.o
LOAD Libraries\STM32F4xx_StdPeriph_Driver\src\stm32f4xx_spi.o
LOAD Libraries\STM32F4xx_StdPeriph_Driver\src\stm32f4xx_syscfg.o
LOAD Libraries\STM32F4xx_StdPeriph_Driver\src\stm32f4xx_tim.o
LOAD Libraries\STM32F4xx_StdPeriph_Driver\src\stm32f4xx_usart.o
LOAD Libraries\STM32F4xx_StdPeriph_Driver\src\stm32f4xx_wwdg.o
LOAD src\GPIODriver.o
LOAD src\main.o
LOAD src\startup_stm32f40xx.o
LOAD src\stm32f4xx_it.o
LOAD src\system_stm32f4xx.o
LOAD src\tiny_printf.o
                0x00000080                malloc_getpagesize_P = 0x80
START GROUP
LOAD c:/program files (x86)/atollic/truestudio for stm32 9.0.0/armtools/bin/../lib/gcc/arm-atollic-eabi/6.3.1/../../../../arm-atollic-eabi/lib/armv7e-m/fpu\libc_nano.a
LOAD c:/program files (x86)/atollic/truestudio for stm32 9.0.0/armtools/bin/../lib/gcc/arm-atollic-eabi/6.3.1/../../../../arm-atollic-eabi/lib/armv7e-m/fpu\libm.a
END GROUP
START GROUP
LOAD c:/program files (x86)/atollic/truestudio for stm32 9.0.0/armtools/bin/../lib/gcc/arm-atollic-eabi/6.3.1/armv7e-m/fpu\libgcc.a
LOAD c:/program files (x86)/atollic/truestudio for stm32 9.0.0/armtools/bin/../lib/gcc/arm-atollic-eabi/6.3.1/../../../../arm-atollic-eabi/lib/armv7e-m/fpu\libc_nano.a
END GROUP
START GROUP
LOAD c:/program files (x86)/atollic/truestudio for stm32 9.0.0/armtools/bin/../lib/gcc/arm-atollic-eabi/6.3.1/armv7e-m/fpu\libgcc.a
LOAD c:/program files (x86)/atollic/truestudio for stm32 9.0.0/armtools/bin/../lib/gcc/arm-atollic-eabi/6.3.1/../../../../arm-atollic-eabi/lib/armv7e-m/fpu\libc_nano.a
LOAD c:/program files (x86)/atollic/truestudio for stm32 9.0.0/armtools/bin/../lib/gcc/arm-atollic-eabi/6.3.1/../../../../arm-atollic-eabi/lib/armv7e-m/fpu\libnosys.a
END GROUP
START GROUP
LOAD c:/program files (x86)/atollic/truestudio for stm32 9.0.0/armtools/bin/../lib/gcc/arm-atollic-eabi/6.3.1/armv7e-m/fpu\libgcc.a
LOAD c:/program files (x86)/atollic/truestudio for stm32 9.0.0/armtools/bin/../lib/gcc/arm-atollic-eabi/6.3.1/../../../../arm-atollic-eabi/lib/armv7e-m/fpu\libc_nano.a
LOAD c:/program files (x86)/atollic/truestudio for stm32 9.0.0/armtools/bin/../lib/gcc/arm-atollic-eabi/6.3.1/../../../../arm-atollic-eabi/lib/armv7e-m/fpu\libnosys.a
END GROUP
LOAD c:/program files (x86)/atollic/truestudio for stm32 9.0.0/armtools/bin/../lib/gcc/arm-atollic-eabi/6.3.1/armv7e-m/fpu/crtend.o
LOAD c:/program files (x86)/atollic/truestudio for stm32 9.0.0/armtools/bin/../lib/gcc/arm-atollic-eabi/6.3.1/armv7e-m/fpu/crtn.o
                0x20020000                _estack = 0x20020000
                0x00000000                _Min_Heap_Size = 0x0
                0x00000400                _Min_Stack_Size = 0x400

.isr_vector     0x08000000      0x188
                0x08000000                . = ALIGN (0x4)
 *(.isr_vector)
 .isr_vector    0x08000000      0x188 src\startup_stm32f40xx.o
                0x08000000                g_pfnVectors
                0x08000188                . = ALIGN (0x4)

.text           0x08000190    0x15774
                0x08000190                . = ALIGN (0x4)
 *(.text)
 .text          0x08000190        0x0 c:/program files (x86)/atollic/truestudio for stm32 9.0.0/armtools/bin/../lib/gcc/arm-atollic-eabi/6.3.1/armv7e-m/fpu/crti.o
 .text          0x08000190       0x40 c:/program files (x86)/atollic/truestudio for stm32 9.0.0/armtools/bin/../lib/gcc/arm-atollic-eabi/6.3.1/armv7e-m/fpu/crtbegin.o
 .text          0x080001d0        0x0 FreeRTOS\Source\croutine.o
 .text          0x080001d0      0x5fc FreeRTOS\Source\event_groups.o
                0x080001d0                xEventGroupCreate
                0x080001fe                xEventGroupSync
                0x08000354                xEventGroupWaitBits
                0x080004e8                xEventGroupClearBits
                0x08000554                xEventGroupGetBitsFromISR
                0x0800059a                xEventGroupSetBits
                0x080006ac                vEventGroupDelete
                0x0800070c                vEventGroupSetBitsCallback
                0x08000726                vEventGroupClearBitsCallback
                0x08000784                uxEventGroupGetNumber
                0x080007b0                vEventGroupSetNumber
 .text          0x080007cc      0x168 FreeRTOS\Source\list.o
                0x080007cc                vListInitialise
                0x0800080c                vListInitialiseItem
                0x08000826                vListInsertEnd
                0x0800086e                vListInsert
                0x080008e0                uxListRemove
 *fill*         0x08000934        0xc 
 .text          0x08000940      0x4a4 FreeRTOS\Source\portable\GCC\ARM_CM4F\port.o
                0x08000940                pxPortInitialiseStack
                0x080009fc                SVC_Handler
                0x08000a4a                xPortStartScheduler
                0x08000b88                vPortEndScheduler
                0x08000bbc                vPortEnterCritical
                0x08000c18                vPortExitCritical
                0x08000c68                PendSV_Handler
                0x08000cd6                SysTick_Handler
                0x08000d18                vPortSetupTimerInterrupt
                0x08000d60                vPortValidateInterruptPriority
 .text          0x08000de4      0x208 FreeRTOS\Source\portable\MemMang\heap_2.o
                0x08000de4                pvPortMalloc
                0x08000f00                vPortFree
                0x08000f74                xPortGetFreeHeapSize
                0x08000f8c                vPortInitialiseBlocks
 .text          0x08000fec     0x1414 FreeRTOS\Source\queue.o
                0x08000fec                xQueueGenericReset
                0x080010bc                xQueueGenericCreate
                0x080011ac                xQueueCreateMutex
                0x080011dc                xQueueGiveMutexRecursive
                0x08001242                xQueueTakeMutexRecursive
                0x080012ac                xQueueCreateCountingSemaphore
                0x0800130e                xQueueGenericSend
                0x08001504                xQueueGenericSendFromISR
                0x0800162c                xQueueGiveFromISR
                0x0800173e                xQueueReceive
                0x080018f8                xQueueSemaphoreTake
                0x08001b08                xQueuePeek
                0x08001cc4                xQueueReceiveFromISR
                0x08001dbe                xQueuePeekFromISR
                0x08001e88                uxQueueMessagesWaiting
                0x08001ec2                uxQueueSpacesAvailable
                0x08001f06                uxQueueMessagesWaitingFromISR
                0x08001f40                vQueueDelete
                0x08001f7a                uxQueueGetQueueNumber
                0x08001f92                vQueueSetQueueNumber
                0x08001fae                ucQueueGetQueueType
                0x080021e8                xQueueIsQueueEmptyFromISR
                0x0800225e                xQueueIsQueueFullFromISR
                0x080022a8                vQueueAddToRegistry
                0x080022f8                pcQueueGetName
                0x08002344                vQueueUnregisterQueue
                0x08002398                vQueueWaitForMessageRestricted
 .text          0x08002400      0xc80 FreeRTOS\Source\stream_buffer.o
                0x08002400                xStreamBufferGenericCreate
                0x080024b0                vStreamBufferDelete
                0x080024fc                xStreamBufferReset
                0x08002572                xStreamBufferSetTriggerLevel
                0x080025cc                xStreamBufferSpacesAvailable
                0x08002630                xStreamBufferBytesAvailable
                0x08002668                xStreamBufferSend
                0x080027ca                xStreamBufferSendFromISR
                0x08002920                xStreamBufferReceive
                0x08002a44                xStreamBufferNextMessageLengthBytes
                0x08002ad2                xStreamBufferReceiveFromISR
                0x08002c0e                xStreamBufferIsEmpty
                0x08002c5c                xStreamBufferIsFull
                0x08002cba                xStreamBufferSendCompletedFromISR
                0x08002d3c                xStreamBufferReceiveCompletedFromISR
                0x0800302e                uxStreamBufferGetStreamBufferNumber
                0x08003046                vStreamBufferSetStreamBufferNumber
                0x08003062                ucStreamBufferGetStreamBufferType
 .text          0x08003080     0x2308 FreeRTOS\Source\tasks.o
                0x08003080                xTaskCreate
                0x080032fc                vTaskDelete
                0x08003418                vTaskDelayUntil
                0x0800350c                vTaskDelay
                0x08003574                eTaskGetState
                0x08003640                uxTaskPriorityGet
                0x08003674                uxTaskPriorityGetFromISR
                0x080036cc                vTaskPrioritySet
                0x0800381c                vTaskSuspend
                0x080039a0                vTaskResume
                0x08003a58                xTaskResumeFromISR
                0x08003b38                vTaskStartScheduler
                0x08003bd0                vTaskEndScheduler
                0x08003c00                vTaskSuspendAll
                0x08003c1c                xTaskResumeAll
                0x08003db4                xTaskGetTickCount
                0x08003dd4                xTaskGetTickCountFromISR
                0x08003df8                uxTaskGetNumberOfTasks
                0x08003e10                pcTaskGetName
                0x08003e58                uxTaskGetSystemState
                0x08003f74                xTaskCatchUpTicks
                0x08003fc4                xTaskIncrementTick
                0x08004144                vTaskSwitchContext
                0x080041f8                vTaskPlaceOnEventList
                0x08004240                vTaskPlaceOnUnorderedEventList
                0x080042b4                vTaskPlaceOnEventListRestricted
                0x08004308                xTaskRemoveFromEventList
                0x080043cc                vTaskRemoveFromUnorderedEventList
                0x0800448c                vTaskSetTimeOutState
                0x080044d8                vTaskInternalSetTimeOutState
                0x08004504                xTaskCheckForTimeOut
                0x080045c4                vTaskMissedYield
                0x080045dc                uxTaskGetTaskNumber
                0x08004608                vTaskSetTaskNumber
                0x08004734                vTaskGetInfo
                0x0800493c                xTaskGetCurrentTaskHandle
                0x0800495c                xTaskGetSchedulerState
                0x08004998                xTaskPriorityInherit
                0x08004a84                xTaskPriorityDisinherit
                0x08004b8c                vTaskPriorityDisinheritAfterTimeout
                0x08004ca4                uxTaskResetEventItemValue
                0x08004cd4                pvTaskIncrementMutexHeldCount
                0x08004cfc                ulTaskNotifyTake
                0x08004d8c                xTaskNotifyWait
                0x08004e40                xTaskGenericNotify
                0x08004fa4                xTaskGenericNotifyFromISR
                0x08005154                vTaskNotifyGiveFromISR
                0x08005270                xTaskNotifyStateClear
 .text          0x08005388      0x914 FreeRTOS\Source\timers.o
                0x08005388                xTimerCreateTimerTask
                0x080053ec                xTimerCreate
                0x080054a2                xTimerGenericCommand
                0x0800553c                xTimerGetTimerDaemonTaskHandle
                0x08005574                xTimerGetPeriod
                0x080055aa                vTimerSetReloadMode
                0x0800560e                xTimerGetExpiryTime
                0x08005648                pcTimerGetName
                0x08005b9c                xTimerIsTimerActive
                0x08005bec                pvTimerGetTimerID
                0x08005c2a                vTimerSetTimerID
                0x08005c68                uxTimerGetTimerNumber
                0x08005c80                vTimerSetTimerNumber
 .text          0x08005c9c      0x194 Libraries\STM32F4xx_StdPeriph_Driver\src\misc.o
                0x08005c9c                NVIC_PriorityGroupConfig
                0x08005cc4                NVIC_Init
                0x08005d88                NVIC_SetVectorTable
                0x08005db4                NVIC_SystemLPConfig
                0x08005df8                SysTick_CLKSourceConfig
 .text          0x08005e30      0xa9c Libraries\STM32F4xx_StdPeriph_Driver\src\stm32f4xx_adc.o
                0x08005e30                ADC_DeInit
                0x08005e4c                ADC_Init
                0x08005ef8                ADC_StructInit
                0x08005f36                ADC_CommonInit
                0x08005f88                ADC_CommonStructInit
                0x08005fb4                ADC_Cmd
                0x08005fec                ADC_AnalogWatchdogCmd
                0x08006026                ADC_AnalogWatchdogThresholdsConfig
                0x0800604e                ADC_AnalogWatchdogSingleChannelConfig
                0x08006086                ADC_TempSensorVrefintCmd
                0x080060c0                ADC_VBATCmd
                0x080060fc                ADC_RegularChannelConfig
                0x08006290                ADC_SoftwareStartConv
                0x080062b0                ADC_GetSoftwareStartConvStatus
                0x080062e0                ADC_EOCOnEachRegularChannelCmd
                0x08006318                ADC_ContinuousModeCmd
                0x08006350                ADC_DiscModeChannelCountConfig
                0x08006394                ADC_DiscModeCmd
                0x080063cc                ADC_GetConversionValue
                0x080063e6                ADC_GetMultiModeConversionValue
                0x080063fc                ADC_DMACmd
                0x08006434                ADC_DMARequestAfterLastTransferCmd
                0x0800646c                ADC_MultiModeDMARequestAfterLastTransferCmd
                0x080064a8                ADC_InjectedChannelConfig
                0x080065ca                ADC_InjectedSequencerLengthConfig
                0x0800660e                ADC_SetInjectedOffset
                0x08006642                ADC_ExternalTrigInjectedConvConfig
                0x08006678                ADC_ExternalTrigInjectedConvEdgeConfig
                0x080066ae                ADC_SoftwareStartInjectedConv
                0x080066ce                ADC_GetSoftwareStartInjectedConvCmdStatus
                0x080066fe                ADC_AutoInjectedConvCmd
                0x08006736                ADC_InjectedDiscModeCmd
                0x0800676e                ADC_GetInjectedConversionValue
                0x0800679e                ADC_ITConfig
                0x080067f0                ADC_GetFlagStatus
                0x08006824                ADC_ClearFlag
                0x08006844                ADC_GetITStatus
                0x080068a0                ADC_ClearITPendingBit
 .text          0x080068cc      0xfc0 Libraries\STM32F4xx_StdPeriph_Driver\src\stm32f4xx_can.o
                0x080068cc                CAN_DeInit
                0x08006914                CAN_Init
                0x08006ab6                CAN_FilterInit
                0x08006c2c                CAN_StructInit
                0x08006c82                CAN_SlaveStartBank
                0x08006ce4                CAN_DBGFreeze
                0x08006d1c                CAN_TTComModeCmd
                0x08006db4                CAN_Transmit
                0x08006f50                CAN_TransmitStatus
                0x08007024                CAN_CancelTransmit
                0x08007076                CAN_Receive
                0x080071f2                CAN_FIFORelease
                0x0800722a                CAN_MessagePending
                0x08007274                CAN_OperatingModeRequest
                0x08007370                CAN_Sleep
                0x080073aa                CAN_WakeUp
                0x08007400                CAN_GetLastErrorCode
                0x08007426                CAN_GetReceiveErrorCounter
                0x08007448                CAN_GetLSBTransmitErrorCounter
                0x0800746a                CAN_ITConfig
                0x080074a6                CAN_GetFlagStatus
                0x08007574                CAN_ClearFlag
                0x080075e8                CAN_GetITStatus
                0x0800777c                CAN_ClearITPendingBit
 .text          0x0800788c       0xd0 Libraries\STM32F4xx_StdPeriph_Driver\src\stm32f4xx_crc.o
                0x0800788c                CRC_ResetDR
                0x080078a4                CRC_CalcCRC
                0x080078c8                CRC_CalcBlockCRC
                0x0800790c                CRC_GetCRC
                0x08007924                CRC_SetIDRegister
                0x08007944                CRC_GetIDRegister
 .text          0x0800795c      0x69c Libraries\STM32F4xx_StdPeriph_Driver\src\stm32f4xx_cryp.o
                0x0800795c                CRYP_DeInit
                0x08007974                CRYP_Init
                0x08007a18                CRYP_StructInit
                0x08007a44                CRYP_KeyInit
                0x08007a9c                CRYP_KeyStructInit
                0x08007ae0                CRYP_IVInit
                0x08007b18                CRYP_IVStructInit
                0x08007b44                CRYP_PhaseConfig
                0x08007b7c                CRYP_FIFOFlush
                0x08007b9c                CRYP_Cmd
                0x08007bd8                CRYP_DataIn
                0x08007bf8                CRYP_DataOut
                0x08007c10                CRYP_SaveContext
                0x08007da0                CRYP_RestoreContext
                0x08007eb4                CRYP_DMACmd
                0x08007ef8                CRYP_ITConfig
                0x08007f3c                CRYP_GetITStatus
                0x08007f74                CRYP_GetCmdStatus
                0x08007fa8                CRYP_GetFlagStatus
 .text          0x08007ff8     0x28d6 Libraries\STM32F4xx_StdPeriph_Driver\src\stm32f4xx_cryp_aes.o
                0x08007ff8                CRYP_AES_ECB
                0x0800845a                CRYP_AES_CBC
                0x080089b2                CRYP_AES_CTR
                0x08008ea2                CRYP_AES_GCM
                0x08009a74                CRYP_AES_CCM
 .text          0x0800a8ce      0x2e0 Libraries\STM32F4xx_StdPeriph_Driver\src\stm32f4xx_cryp_des.o
                0x0800a8ce                CRYP_DES_ECB
                0x0800aa10                CRYP_DES_CBC
 .text          0x0800abae      0x3fe Libraries\STM32F4xx_StdPeriph_Driver\src\stm32f4xx_cryp_tdes.o
                0x0800abae                CRYP_TDES_ECB
                0x0800ad6e                CRYP_TDES_CBC
 .text          0x0800afac      0x450 Libraries\STM32F4xx_StdPeriph_Driver\src\stm32f4xx_dac.o
                0x0800afac                DAC_DeInit
                0x0800afc8                DAC_Init
                0x0800b030                DAC_StructInit
                0x0800b05c                DAC_Cmd
                0x0800b0a8                DAC_SoftwareTriggerCmd
                0x0800b0f8                DAC_DualSoftwareTriggerCmd
                0x0800b134                DAC_WaveGenerationCmd
                0x0800b180                DAC_SetChannel1Data
                0x0800b1b8                DAC_SetChannel2Data
                0x0800b1f0                DAC_SetDualChannelData
                0x0800b248                DAC_GetDataOutputValue
                0x0800b27c                DAC_DMACmd
                0x0800b2cc                DAC_ITConfig
                0x0800b318                DAC_GetFlagStatus
                0x0800b354                DAC_ClearFlag
                0x0800b37c                DAC_GetITStatus
                0x0800b3d4                DAC_ClearITPendingBit
 .text          0x0800b3fc       0xf4 Libraries\STM32F4xx_StdPeriph_Driver\src\stm32f4xx_dbgmcu.o
                0x0800b3fc                DBGMCU_GetREVID
                0x0800b414                DBGMCU_GetDEVID
                0x0800b430                DBGMCU_Config
                0x0800b470                DBGMCU_APB1PeriphConfig
                0x0800b4b0                DBGMCU_APB2PeriphConfig
 .text          0x0800b4f0      0x3a4 Libraries\STM32F4xx_StdPeriph_Driver\src\stm32f4xx_dcmi.o
                0x0800b4f0                DCMI_DeInit
                0x0800b52c                DCMI_Init
                0x0800b5ac                DCMI_StructInit
                0x0800b5ea                DCMI_CROPConfig
                0x0800b628                DCMI_CROPCmd
                0x0800b664                DCMI_SetEmbeddedSynchroCodes
                0x0800b6a0                DCMI_JPEGCmd
                0x0800b6dc                DCMI_Cmd
                0x0800b718                DCMI_CaptureCmd
                0x0800b754                DCMI_ReadData
                0x0800b76c                DCMI_ITConfig
                0x0800b7b0                DCMI_GetFlagStatus
                0x0800b814                DCMI_ClearFlag
                0x0800b834                DCMI_GetITStatus
                0x0800b874                DCMI_ClearITPendingBit
 .text          0x0800b894      0x71c Libraries\STM32F4xx_StdPeriph_Driver\src\stm32f4xx_dma.o
                0x0800b894                DMA_DeInit
                0x0800ba3c                DMA_Init
                0x0800baec                DMA_StructInit
                0x0800bb5a                DMA_Cmd
                0x0800bb92                DMA_PeriphIncOffsetSizeConfig
                0x0800bbc8                DMA_FlowControllerConfig
                0x0800bbfe                DMA_SetCurrDataCounter
                0x0800bc1c                DMA_GetCurrDataCounter
                0x0800bc36                DMA_DoubleBufferModeConfig
                0x0800bc74                DMA_DoubleBufferModeCmd
                0x0800bcac                DMA_MemoryTargetConfig
                0x0800bcd8                DMA_GetCurrentMemoryTarget
                0x0800bd08                DMA_GetCmdStatus
                0x0800bd38                DMA_GetFIFOStatus
                0x0800bd5c                DMA_GetFlagStatus
                0x0800bdd4                DMA_ClearFlag
                0x0800be30                DMA_ITConfig
                0x0800bea4                DMA_GetITStatus
                0x0800bf54                DMA_ClearITPendingBit
 .text          0x0800bfb0      0x224 Libraries\STM32F4xx_StdPeriph_Driver\src\stm32f4xx_exti.o
                0x0800bfb0                EXTI_DeInit
                0x0800bfe4                EXTI_Init
                0x0800c0c8                EXTI_StructInit
                0x0800c0f4                EXTI_GenerateSWInterrupt
                0x0800c118                EXTI_GetFlagStatus
                0x0800c14c                EXTI_ClearFlag
                0x0800c16c                EXTI_GetITStatus
                0x0800c1b4                EXTI_ClearITPendingBit
 .text          0x0800c1d4      0x83c Libraries\STM32F4xx_StdPeriph_Driver\src\stm32f4xx_flash.o
                0x0800c1d4                FLASH_SetLatency
                0x0800c1f4                FLASH_PrefetchBufferCmd
                0x0800c230                FLASH_InstructionCacheCmd
                0x0800c26c                FLASH_DataCacheCmd
                0x0800c2a8                FLASH_InstructionCacheReset
                0x0800c2c8                FLASH_DataCacheReset
                0x0800c2e8                FLASH_Unlock
                0x0800c318                FLASH_Lock
                0x0800c338                FLASH_EraseSector
                0x0800c3f8                FLASH_EraseAllSectors
                0x0800c498                FLASH_ProgramDoubleWord
                0x0800c508                FLASH_ProgramWord
                0x0800c570                FLASH_ProgramHalfWord
                0x0800c5dc                FLASH_ProgramByte
                0x0800c644                FLASH_OB_Unlock
                0x0800c678                FLASH_OB_Lock
                0x0800c698                FLASH_OB_WRPConfig
                0x0800c6f4                FLASH_OB_WRP1Config
                0x0800c750                FLASH_OB_RDPConfig
                0x0800c780                FLASH_OB_UserConfig
                0x0800c7d8                FLASH_OB_BORConfig
                0x0800c814                FLASH_OB_Launch
                0x0800c844                FLASH_OB_GetUser
                0x0800c860                FLASH_OB_GetWRP
                0x0800c878                FLASH_OB_GetWRP1
                0x0800c890                FLASH_OB_GetRDP
                0x0800c8c0                FLASH_OB_GetBOR
                0x0800c8e0                FLASH_ITConfig
                0x0800c920                FLASH_GetFlagStatus
                0x0800c954                FLASH_ClearFlag
                0x0800c974                FLASH_GetStatus
                0x0800c9e0                FLASH_WaitForLastOperation
 .text          0x0800ca10      0x968 Libraries\STM32F4xx_StdPeriph_Driver\src\stm32f4xx_fsmc.o
                0x0800ca10                FSMC_NORSRAMDeInit
                0x0800ca68                FSMC_NORSRAMInit
                0x0800cba0                FSMC_NORSRAMStructInit
                0x0800cc76                FSMC_NORSRAMCmd
                0x0800cccc                FSMC_NANDDeInit
                0x0800cd28                FSMC_NANDInit
                0x0800cdf8                FSMC_NANDStructInit
                0x0800ce76                FSMC_NANDCmd
                0x0800cee4                FSMC_NANDECCCmd
                0x0800cf50                FSMC_GetECC
                0x0800cf88                FSMC_PCCARDDeInit
                0x0800cfc0                FSMC_PCCARDInit
                0x0800d06c                FSMC_PCCARDStructInit
                0x0800d0f2                FSMC_PCCARDCmd
                0x0800d130                FSMC_ITConfig
                0x0800d1d0                FSMC_GetFlagStatus
                0x0800d234                FSMC_ClearFlag
                0x0800d294                FSMC_GetITStatus
                0x0800d314                FSMC_ClearITPendingBit
 .text          0x0800d378      0x490 Libraries\STM32F4xx_StdPeriph_Driver\src\stm32f4xx_gpio.o
                0x0800d378                GPIO_DeInit
                0x0800d498                GPIO_Init
                0x0800d5b4                GPIO_StructInit
                0x0800d5e8                GPIO_PinLockConfig
                0x0800d62c                GPIO_ReadInputDataBit
                0x0800d660                GPIO_ReadInputData
                0x0800d67a                GPIO_ReadOutputDataBit
                0x0800d6ae                GPIO_ReadOutputData
                0x0800d6c8                GPIO_SetBits
                0x0800d6e6                GPIO_ResetBits
                0x0800d704                GPIO_WriteBit
                0x0800d734                GPIO_Write
                0x0800d752                GPIO_ToggleBits
                0x0800d776                GPIO_PinAFConfig
 .text          0x0800d808      0x418 Libraries\STM32F4xx_StdPeriph_Driver\src\stm32f4xx_hash.o
                0x0800d808                HASH_DeInit
                0x0800d820                HASH_Init
                0x0800d890                HASH_StructInit
                0x0800d8bc                HASH_Reset
                0x0800d8dc                HASH_SetLastWordValidBitsNbr
                0x0800d910                HASH_DataIn
                0x0800d930                HASH_GetInFIFOWordsNbr
                0x0800d950                HASH_GetDigest
                0x0800d9ac                HASH_StartDigest
                0x0800d9cc                HASH_SaveContext
                0x0800da28                HASH_RestoreContext
                0x0800da94                HASH_AutoStartDigest
                0x0800dad0                HASH_DMACmd
                0x0800db0c                HASH_ITConfig
                0x0800db4c                HASH_GetFlagStatus
                0x0800db9c                HASH_ClearFlag
                0x0800dbbc                HASH_GetITStatus
                0x0800dc00                HASH_ClearITPendingBit
 .text          0x0800dc20      0x32a Libraries\STM32F4xx_StdPeriph_Driver\src\stm32f4xx_hash_md5.o
                0x0800dc20                HASH_MD5
                0x0800dd3a                HMAC_MD5
 .text          0x0800df4a      0x37a Libraries\STM32F4xx_StdPeriph_Driver\src\stm32f4xx_hash_sha1.o
                0x0800df4a                HASH_SHA1
                0x0800e084                HMAC_SHA1
 .text          0x0800e2c4      0xa18 Libraries\STM32F4xx_StdPeriph_Driver\src\stm32f4xx_i2c.o
                0x0800e2c4                I2C_DeInit
                0x0800e338                I2C_Init
                0x0800e4bc                I2C_StructInit
                0x0800e4fa                I2C_Cmd
                0x0800e53a                I2C_AnalogFilterCmd
                0x0800e57a                I2C_DigitalFilterConfig
                0x0800e5be                I2C_GenerateSTART
                0x0800e5fe                I2C_GenerateSTOP
                0x0800e63e                I2C_Send7bitAddress
                0x0800e67a                I2C_AcknowledgeConfig
                0x0800e6ba                I2C_OwnAddress2Config
                0x0800e6fe                I2C_DualAddressCmd
                0x0800e73e                I2C_GeneralCallCmd
                0x0800e77e                I2C_SoftwareResetCmd
                0x0800e7c2                I2C_StretchClockCmd
                0x0800e802                I2C_FastModeDutyCycleConfig
                0x0800e844                I2C_NACKPositionConfig
                0x0800e886                I2C_SMBusAlertConfig
                0x0800e8c8                I2C_ARPCmd
                0x0800e908                I2C_SendData
                0x0800e928                I2C_ReceiveData
                0x0800e944                I2C_TransmitPEC
                0x0800e984                I2C_PECPositionConfig
                0x0800e9c6                I2C_CalculatePEC
                0x0800ea06                I2C_GetPEC
                0x0800ea26                I2C_DMACmd
                0x0800ea66                I2C_DMALastTransferCmd
                0x0800eaa6                I2C_ReadRegister
                0x0800ead4                I2C_ITConfig
                0x0800eb1c                I2C_CheckEvent
                0x0800eb7c                I2C_GetLastEvent
                0x0800ebc0                I2C_GetFlagStatus
                0x0800ec26                I2C_ClearFlag
                0x0800ec54                I2C_GetITStatus
                0x0800ecae                I2C_ClearITPendingBit
 .text          0x0800ecdc       0xd0 Libraries\STM32F4xx_StdPeriph_Driver\src\stm32f4xx_iwdg.o
                0x0800ecdc                IWDG_WriteAccessCmd
                0x0800ecfc                IWDG_SetPrescaler
                0x0800ed1c                IWDG_SetReload
                0x0800ed3c                IWDG_ReloadCounter
                0x0800ed58                IWDG_Enable
                0x0800ed74                IWDG_GetFlagStatus
 .text          0x0800edac      0x228 Libraries\STM32F4xx_StdPeriph_Driver\src\stm32f4xx_pwr.o
                0x0800edac                PWR_DeInit
                0x0800edc8                PWR_BackupAccessCmd
                0x0800ede8                PWR_PVDLevelConfig
                0x0800ee20                PWR_PVDCmd
                0x0800ee40                PWR_WakeUpPinCmd
                0x0800ee60                PWR_BackupRegulatorCmd
                0x0800ee80                PWR_MainRegulatorModeConfig
                0x0800eeb8                PWR_FlashPowerDownCmd
                0x0800eed8                PWR_EnterSTOPMode
                0x0800ef3c                PWR_EnterSTANDBYMode
                0x0800ef78                PWR_GetFlagStatus
                0x0800efac                PWR_ClearFlag
 .text          0x0800efd4      0xb08 Libraries\STM32F4xx_StdPeriph_Driver\src\stm32f4xx_rcc.o
                0x0800efd4                RCC_DeInit
                0x0800f030                RCC_HSEConfig
                0x0800f058                RCC_WaitForHSEStartUp
                0x0800f0a8                RCC_AdjustHSICalibrationValue
                0x0800f0e4                RCC_HSICmd
                0x0800f104                RCC_LSEConfig
                0x0800f148                RCC_LSICmd
                0x0800f168                RCC_PLLConfig
                0x0800f1a8                RCC_PLLCmd
                0x0800f1c8                RCC_PLLI2SConfig
                0x0800f1f4                RCC_PLLI2SCmd
                0x0800f214                RCC_ClockSecuritySystemCmd
                0x0800f234                RCC_MCO1Config
                0x0800f274                RCC_MCO2Config
                0x0800f2b4                RCC_SYSCLKConfig
                0x0800f2ec                RCC_GetSYSCLKSource
                0x0800f30c                RCC_HCLKConfig
                0x0800f344                RCC_PCLK1Config
                0x0800f37c                RCC_PCLK2Config
                0x0800f3b8                RCC_GetClocksFreq
                0x0800f508                RCC_RTCCLKConfig
                0x0800f564                RCC_RTCCLKCmd
                0x0800f584                RCC_BackupResetCmd
                0x0800f5a4                RCC_I2SCLKConfig
                0x0800f5c4                RCC_TIMCLKPresConfig
                0x0800f5e4                RCC_AHB1PeriphClockCmd
                0x0800f624                RCC_AHB2PeriphClockCmd
                0x0800f664                RCC_AHB3PeriphClockCmd
                0x0800f6a4                RCC_APB1PeriphClockCmd
                0x0800f6e4                RCC_APB2PeriphClockCmd
                0x0800f724                RCC_AHB1PeriphResetCmd
                0x0800f764                RCC_AHB2PeriphResetCmd
                0x0800f7a4                RCC_AHB3PeriphResetCmd
                0x0800f7e4                RCC_APB1PeriphResetCmd
                0x0800f824                RCC_APB2PeriphResetCmd
                0x0800f864                RCC_AHB1PeriphClockLPModeCmd
                0x0800f8a4                RCC_AHB2PeriphClockLPModeCmd
                0x0800f8e4                RCC_AHB3PeriphClockLPModeCmd
                0x0800f924                RCC_APB1PeriphClockLPModeCmd
                0x0800f964                RCC_APB2PeriphClockLPModeCmd
                0x0800f9a4                RCC_ITConfig
                0x0800f9f0                RCC_GetFlagStatus
                0x0800fa64                RCC_ClearFlag
                0x0800fa84                RCC_GetITStatus
                0x0800fabc                RCC_ClearITPendingBit
 .text          0x0800fadc      0x160 Libraries\STM32F4xx_StdPeriph_Driver\src\stm32f4xx_rng.o
                0x0800fadc                RNG_DeInit
                0x0800faf4                RNG_Cmd
                0x0800fb30                RNG_GetRandomNumber
                0x0800fb48                RNG_ITConfig
                0x0800fb84                RNG_GetFlagStatus
                0x0800fbbc                RNG_ClearFlag
                0x0800fbe0                RNG_GetITStatus
                0x0800fc18                RNG_ClearITPendingBit
 .text          0x0800fc3c     0x1550 Libraries\STM32F4xx_StdPeriph_Driver\src\stm32f4xx_rtc.o
                0x0800fc3c                RTC_DeInit
                0x0800fd30                RTC_Init
                0x0800fda8                RTC_StructInit
                0x0800fdce                RTC_WriteProtectionCmd
                0x0800fe04                RTC_EnterInitMode
                0x0800fe78                RTC_ExitInitMode
                0x0800fe98                RTC_WaitForSynchro
                0x0800ff10                RTC_RefClockCmd
                0x0800ff78                RTC_BypassShadowCmd
                0x0800ffc4                RTC_SetTime
                0x080100d8                RTC_TimeStructInit
                0x08010104                RTC_GetTime
                0x080101a8                RTC_GetSubSecond
                0x080101d0                RTC_SetDate
                0x080102f0                RTC_DateStructInit
                0x0801031c                RTC_GetDate
                0x080103b8                RTC_SetAlarm
                0x080104f0                RTC_AlarmStructInit
                0x0801052e                RTC_GetAlarm
                0x08010610                RTC_AlarmCmd
                0x080106ac                RTC_AlarmSubSecondConfig
                0x080106fc                RTC_GetAlarmSubSecond
                0x08010738                RTC_WakeUpClockConfig
                0x0801077c                RTC_SetWakeUpCounter
                0x080107ac                RTC_GetWakeUpCounter
                0x080107c4                RTC_WakeUpCmd
                0x08010858                RTC_DayLightSavingConfig
                0x080108a0                RTC_GetStoreOperation
                0x080108bc                RTC_OutputConfig
                0x08010904                RTC_CoarseCalibConfig
                0x08010954                RTC_CoarseCalibCmd
                0x080109bc                RTC_CalibOutputCmd
                0x08010a08                RTC_CalibOutputConfig
                0x08010a4c                RTC_SmoothCalibConfig
                0x08010ad0                RTC_TimeStampCmd
                0x08010b34                RTC_GetTimeStamp
                0x08010c54                RTC_GetTimeStampSubSecond
                0x08010c6c                RTC_TamperTriggerConfig
                0x08010cac                RTC_TamperCmd
                0x08010cec                RTC_TamperFilterConfig
                0x08010d1c                RTC_TamperSamplingFreqConfig
                0x08010d4c                RTC_TamperPinsPrechargeDuration
                0x08010d7c                RTC_TimeStampOnTamperDetectionCmd
                0x08010db8                RTC_TamperPullUpCmd
                0x08010df4                RTC_WriteBackupRegister
                0x08010e28                RTC_ReadBackupRegister
                0x08010e58                RTC_TamperPinSelection
                0x08010e88                RTC_TimeStampPinSelection
                0x08010eb8                RTC_OutputTypeConfig
                0x08010ee8                RTC_SynchroShiftConfig
                0x08010f84                RTC_ITConfig
                0x08011000                RTC_GetFlagStatus
                0x08011044                RTC_ClearFlag
                0x08011074                RTC_GetITStatus
                0x080110dc                RTC_ClearITPendingBit
 .text          0x0801118c      0x4f0 Libraries\STM32F4xx_StdPeriph_Driver\src\stm32f4xx_sdio.o
                0x0801118c                SDIO_DeInit
                0x080111a8                SDIO_Init
                0x08011208                SDIO_StructInit
                0x08011240                SDIO_ClockCmd
                0x08011260                SDIO_SetPowerState
                0x08011280                SDIO_GetPowerState
                0x0801129c                SDIO_SendCommand
                0x080112f4                SDIO_CmdStructInit
                0x08011326                SDIO_GetCommandResponse
                0x08011340                SDIO_GetResponse
                0x08011368                SDIO_DataConfig
                0x080113c4                SDIO_DataStructInit
                0x080113fe                SDIO_GetDataCounter
                0x08011414                SDIO_ReadData
                0x0801142c                SDIO_WriteData
                0x0801144c                SDIO_GetFIFOCount
                0x08011464                SDIO_StartSDIOReadWait
                0x08011484                SDIO_StopSDIOReadWait
                0x080114a4                SDIO_SetSDIOReadWaitMode
                0x080114c4                SDIO_SetSDIOOperation
                0x080114e4                SDIO_SendSDIOSuspendCmd
                0x08011504                SDIO_CommandCompletionCmd
                0x08011524                SDIO_CEATAITCmd
                0x08011554                SDIO_SendCEATACmd
                0x08011574                SDIO_DMACmd
                0x08011594                SDIO_ITConfig
                0x080115d4                SDIO_GetFlagStatus
                0x08011608                SDIO_ClearFlag
                0x08011628                SDIO_GetITStatus
                0x0801165c                SDIO_ClearITPendingBit
 .text          0x0801167c      0x884 Libraries\STM32F4xx_StdPeriph_Driver\src\stm32f4xx_spi.o
                0x0801167c                SPI_I2S_DeInit
                0x08011758                SPI_Init
                0x080117e0                I2S_Init
                0x0801198c                SPI_StructInit
                0x080119d6                I2S_StructInit
                0x08011a0e                SPI_Cmd
                0x08011a4e                I2S_Cmd
                0x08011a8e                SPI_DataSizeConfig
                0x08011ac6                SPI_BiDirectionalLineConfig
                0x08011b08                SPI_NSSInternalSoftwareConfig
                0x08011b4c                SPI_SSOutputCmd
                0x08011b8c                SPI_TIModeCmd
                0x08011bcc                I2S_FullDuplexConfig
                0x08011c68                SPI_I2S_ReceiveData
                0x08011c82                SPI_I2S_SendData
                0x08011ca0                SPI_CalculateCRC
                0x08011ce0                SPI_TransmitCRC
                0x08011d04                SPI_GetCRC
                0x08011d36                SPI_GetCRCPolynomial
                0x08011d50                SPI_I2S_DMACmd
                0x08011d98                SPI_I2S_ITConfig
                0x08011dfa                SPI_I2S_GetFlagStatus
                0x08011e32                SPI_I2S_ClearFlag
                0x08011e54                SPI_I2S_GetITStatus
                0x08011eca                SPI_I2S_ClearITPendingBit
 .text          0x08011f00      0x134 Libraries\STM32F4xx_StdPeriph_Driver\src\stm32f4xx_syscfg.o
                0x08011f00                SYSCFG_DeInit
                0x08011f1c                SYSCFG_MemoryRemapConfig
                0x08011f3c                SYSCFG_EXTILineConfig
                0x08011fc0                SYSCFG_ETH_MediaInterfaceConfig
                0x08011fe0                SYSCFG_CompensationCellCmd
                0x08012000                SYSCFG_GetCompensationCellStatus
 .text          0x08012034     0x1c18 Libraries\STM32F4xx_StdPeriph_Driver\src\stm32f4xx_tim.o
                0x08012034                TIM_DeInit
                0x080121f4                TIM_TimeBaseInit
                0x080122cc                TIM_TimeBaseStructInit
                0x08012300                TIM_PrescalerConfig
                0x08012328                TIM_CounterModeConfig
                0x08012360                TIM_SetCounter
                0x0801237c                TIM_SetAutoreload
                0x08012398                TIM_GetCounter
                0x080123b0                TIM_GetPrescaler
                0x080123ca                TIM_UpdateDisableConfig
                0x0801240a                TIM_UpdateRequestConfig
                0x0801244a                TIM_ARRPreloadConfig
                0x0801248a                TIM_SelectOnePulseMode
                0x080124c2                TIM_SetClockDivision
                0x080124fa                TIM_Cmd
                0x0801253a                TIM_OC1Init
                0x08012630                TIM_OC2Init
                0x08012740                TIM_OC3Init
                0x0801284c                TIM_OC4Init
                0x0801291c                TIM_OCStructInit
                0x08012960                TIM_SelectOCxM
                0x08012a12                TIM_SetCompare1
                0x08012a2e                TIM_SetCompare2
                0x08012a4a                TIM_SetCompare3
                0x08012a66                TIM_SetCompare4
                0x08012a82                TIM_ForcedOC1Config
                0x08012aba                TIM_ForcedOC2Config
                0x08012af6                TIM_ForcedOC3Config
                0x08012b2e                TIM_ForcedOC4Config
                0x08012b6a                TIM_OC1PreloadConfig
                0x08012ba2                TIM_OC2PreloadConfig
                0x08012bde                TIM_OC3PreloadConfig
                0x08012c16                TIM_OC4PreloadConfig
                0x08012c52                TIM_OC1FastConfig
                0x08012c8a                TIM_OC2FastConfig
                0x08012cc6                TIM_OC3FastConfig
                0x08012cfe                TIM_OC4FastConfig
                0x08012d3a                TIM_ClearOC1Ref
                0x08012d72                TIM_ClearOC2Ref
                0x08012dae                TIM_ClearOC3Ref
                0x08012de6                TIM_ClearOC4Ref
                0x08012e22                TIM_OC1PolarityConfig
                0x08012e5a                TIM_OC1NPolarityConfig
                0x08012e92                TIM_OC2PolarityConfig
                0x08012ece                TIM_OC2NPolarityConfig
                0x08012f0a                TIM_OC3PolarityConfig
                0x08012f46                TIM_OC3NPolarityConfig
                0x08012f82                TIM_OC4PolarityConfig
                0x08012fbe                TIM_CCxCmd
                0x08013014                TIM_CCxNCmd
                0x0801306a                TIM_ICInit
                0x08013112                TIM_ICStructInit
                0x08013144                TIM_PWMIConfig
                0x080131fc                TIM_GetCapture1
                0x08013214                TIM_GetCapture2
                0x0801322c                TIM_GetCapture3
                0x08013244                TIM_GetCapture4
                0x0801325c                TIM_SetIC1Prescaler
                0x08013294                TIM_SetIC2Prescaler
                0x080132d0                TIM_SetIC3Prescaler
                0x08013308                TIM_SetIC4Prescaler
                0x08013344                TIM_BDTRConfig
                0x08013394                TIM_BDTRStructInit
                0x080133d2                TIM_CtrlPWMOutputs
                0x0801341e                TIM_SelectCOM
                0x0801345e                TIM_CCPreloadControl
                0x0801349e                TIM_ITConfig
                0x080134e6                TIM_GenerateEvent
                0x08013504                TIM_GetFlagStatus
                0x0801353c                TIM_ClearFlag
                0x0801355e                TIM_GetITStatus
                0x080135b2                TIM_ClearITPendingBit
                0x080135d4                TIM_DMAConfig
                0x080135fe                TIM_DMACmd
                0x08013646                TIM_SelectCCDMA
                0x08013686                TIM_InternalClockConfig
                0x080136aa                TIM_ITRxExternalClockConfig
                0x080136d8                TIM_TIxExternalClockConfig
                0x08013734                TIM_ETRClockMode1Config
                0x08013792                TIM_ETRClockMode2Config
                0x080137d0                TIM_SelectInputTrigger
                0x08013808                TIM_SelectOutputTrigger
                0x08013840                TIM_SelectSlaveMode
                0x08013878                TIM_SelectMasterSlaveMode
                0x080138b0                TIM_ETRConfig
                0x08013904                TIM_EncoderInterfaceConfig
                0x0801399c                TIM_SelectHallSensor
                0x080139dc                TIM_RemapConfig
 .text          0x08013c4c      0x970 Libraries\STM32F4xx_StdPeriph_Driver\src\stm32f4xx_usart.o
                0x08013c4c                USART_DeInit
                0x08013d64                USART_Init
                0x08013ed8                USART_StructInit
                0x08013f12                USART_ClockInit
                0x08013f68                USART_ClockStructInit
                0x08013f94                USART_Cmd
                0x08013fd4                USART_SetPrescaler
                0x0801400e                USART_OverSampling8Cmd
                0x08014052                USART_OneBitMethodCmd
                0x08014092                USART_SendData
                0x080140b6                USART_ReceiveData
                0x080140d6                USART_SetAddress
                0x08014110                USART_ReceiverWakeUpCmd
                0x08014150                USART_WakeUpConfig
                0x08014188                USART_LINBreakDetectLengthConfig
                0x080141c0                USART_LINCmd
                0x08014200                USART_SendBreak
                0x08014224                USART_HalfDuplexCmd
                0x08014264                USART_SetGuardTime
                0x080142a0                USART_SmartCardCmd
                0x080142e0                USART_SmartCardNACKCmd
                0x08014320                USART_IrDAConfig
                0x08014358                USART_IrDACmd
                0x08014398                USART_DMACmd
                0x080143e0                USART_ITConfig
                0x08014470                USART_GetFlagStatus
                0x080144a8                USART_ClearFlag
                0x080144ca                USART_GetITStatus
                0x08014580                USART_ClearITPendingBit
 .text          0x080145bc      0x138 Libraries\STM32F4xx_StdPeriph_Driver\src\stm32f4xx_wwdg.o
                0x080145bc                WWDG_DeInit
                0x080145d8                WWDG_SetPrescaler
                0x0801460c                WWDG_SetWindowValue
                0x08014648                WWDG_EnableIT
                0x08014660                WWDG_SetCounter
                0x08014684                WWDG_Enable
                0x080146ac                WWDG_GetFlagStatus
                0x080146dc                WWDG_ClearFlag
 .text          0x080146f4      0x708 src\GPIODriver.o
                0x08014c82                gpioCfg
                0x08014d22                gpioPinSetState
                0x08014d90                gpioGetPinState
 .text          0x08014dfc      0x234 src\main.o
                0x08014dfc                main
                0x08014ee8                vLedTask1
                0x08014f74                vLedTask2
                0x08015004                vApplicationTickHook
 .text          0x08015030       0x14 src\startup_stm32f40xx.o
 .text          0x08015044       0x26 src\stm32f4xx_it.o
                0x08015044                NMI_Handler
                0x08015052                HardFault_Handler
                0x08015058                MemManage_Handler
                0x0801505e                BusFault_Handler
                0x08015064                UsageFault_Handler
 *fill*         0x0801506a        0x2 
 .text          0x0801506c      0x25c src\system_stm32f4xx.o
                0x0801506c                SystemInit
                0x080150d8                SystemCoreClockUpdate
 .text          0x080152c8      0x53c src\tiny_printf.o
                0x080152c8                ts_itoa
                0x0801535a                ts_formatstring
                0x08015488                ts_formatlength
                0x080155b4                sprintf
                0x080155b4                siprintf
                0x080155e0                fiprintf
                0x080155e0                fprintf
                0x0801567a                printf
                0x0801567a                iprintf
                0x0801570c                fputs
                0x08015774                puts
                0x080157cc                fwrite
 .text          0x08015804        0x0 c:/program files (x86)/atollic/truestudio for stm32 9.0.0/armtools/bin/../lib/gcc/arm-atollic-eabi/6.3.1/../../../../arm-atollic-eabi/lib/armv7e-m/fpu\libc_nano.a(lib_a-init.o)
 .text          0x08015804        0x0 c:/program files (x86)/atollic/truestudio for stm32 9.0.0/armtools/bin/../lib/gcc/arm-atollic-eabi/6.3.1/../../../../arm-atollic-eabi/lib/armv7e-m/fpu\libc_nano.a(lib_a-memcpy-stub.o)
 .text          0x08015804        0x0 c:/program files (x86)/atollic/truestudio for stm32 9.0.0/armtools/bin/../lib/gcc/arm-atollic-eabi/6.3.1/../../../../arm-atollic-eabi/lib/armv7e-m/fpu\libc_nano.a(lib_a-memset.o)
 .text          0x08015804       0x10 c:/program files (x86)/atollic/truestudio for stm32 9.0.0/armtools/bin/../lib/gcc/arm-atollic-eabi/6.3.1/../../../../arm-atollic-eabi/lib/armv7e-m/fpu\libc_nano.a(lib_a-strlen.o)
                0x08015804                strlen
 .text          0x08015814        0x0 c:/program files (x86)/atollic/truestudio for stm32 9.0.0/armtools/bin/../lib/gcc/arm-atollic-eabi/6.3.1/../../../../arm-atollic-eabi/lib/armv7e-m/fpu\libnosys.a(write.o)
 .text          0x08015814        0x0 c:/program files (x86)/atollic/truestudio for stm32 9.0.0/armtools/bin/../lib/gcc/arm-atollic-eabi/6.3.1/../../../../arm-atollic-eabi/lib/armv7e-m/fpu\libnosys.a(errno.o)
 .text          0x08015814        0x0 c:/program files (x86)/atollic/truestudio for stm32 9.0.0/armtools/bin/../lib/gcc/arm-atollic-eabi/6.3.1/armv7e-m/fpu/crtend.o
 .text          0x08015814        0x0 c:/program files (x86)/atollic/truestudio for stm32 9.0.0/armtools/bin/../lib/gcc/arm-atollic-eabi/6.3.1/armv7e-m/fpu/crtn.o
 *(.text*)
 .text.Reset_Handler
                0x08015814       0x50 src\startup_stm32f40xx.o
                0x08015814                Reset_Handler
 .text.Default_Handler
                0x08015864        0x2 src\startup_stm32f40xx.o
                0x08015864                RTC_Alarm_IRQHandler
                0x08015864                HASH_RNG_IRQHandler
                0x08015864                EXTI2_IRQHandler
                0x08015864                TIM8_CC_IRQHandler
                0x08015864                DebugMon_Handler
                0x08015864                TIM1_CC_IRQHandler
                0x08015864                DMA2_Stream5_IRQHandler
                0x08015864                DMA1_Stream5_IRQHandler
                0x08015864                PVD_IRQHandler
                0x08015864                SDIO_IRQHandler
                0x08015864                TAMP_STAMP_IRQHandler
                0x08015864                CAN2_RX1_IRQHandler
                0x08015864                EXTI3_IRQHandler
                0x08015864                TIM8_TRG_COM_TIM14_IRQHandler
                0x08015864                TIM1_UP_TIM10_IRQHandler
                0x08015864                TIM8_UP_TIM13_IRQHandler
                0x08015864                I2C3_ER_IRQHandler
                0x08015864                EXTI0_IRQHandler
                0x08015864                I2C2_EV_IRQHandler
                0x08015864                DMA1_Stream2_IRQHandler
                0x08015864                CAN1_RX0_IRQHandler
                0x08015864                FPU_IRQHandler
                0x08015864                OTG_HS_WKUP_IRQHandler
                0x08015864                CAN2_SCE_IRQHandler
                0x08015864                DMA2_Stream2_IRQHandler
                0x08015864                SPI1_IRQHandler
                0x08015864                TIM6_DAC_IRQHandler
                0x08015864                TIM1_BRK_TIM9_IRQHandler
                0x08015864                DCMI_IRQHandler
                0x08015864                CAN2_RX0_IRQHandler
                0x08015864                DMA2_Stream3_IRQHandler
                0x08015864                USART6_IRQHandler
                0x08015864                USART3_IRQHandler
                0x08015864                CRYP_IRQHandler
                0x08015864                CAN1_RX1_IRQHandler
                0x08015864                UART5_IRQHandler
                0x08015864                DMA2_Stream0_IRQHandler
                0x08015864                TIM4_IRQHandler
                0x08015864                I2C1_EV_IRQHandler
                0x08015864                DMA1_Stream6_IRQHandler
                0x08015864                DMA1_Stream1_IRQHandler
                0x08015864                UART4_IRQHandler
                0x08015864                TIM3_IRQHandler
                0x08015864                RCC_IRQHandler
                0x08015864                TIM8_BRK_TIM12_IRQHandler
                0x08015864                Default_Handler
                0x08015864                EXTI15_10_IRQHandler
                0x08015864                ADC_IRQHandler
                0x08015864                DMA1_Stream7_IRQHandler
                0x08015864                TIM7_IRQHandler
                0x08015864                CAN2_TX_IRQHandler
                0x08015864                TIM5_IRQHandler
                0x08015864                DMA2_Stream7_IRQHandler
                0x08015864                I2C3_EV_IRQHandler
                0x08015864                EXTI9_5_IRQHandler
                0x08015864                RTC_WKUP_IRQHandler
                0x08015864                ETH_WKUP_IRQHandler
                0x08015864                SPI2_IRQHandler
                0x08015864                OTG_HS_EP1_IN_IRQHandler
                0x08015864                DMA1_Stream0_IRQHandler
                0x08015864                CAN1_TX_IRQHandler
                0x08015864                EXTI4_IRQHandler
                0x08015864                FSMC_IRQHandler
                0x08015864                ETH_IRQHandler
                0x08015864                OTG_HS_EP1_OUT_IRQHandler
                0x08015864                WWDG_IRQHandler
                0x08015864                TIM2_IRQHandler
                0x08015864                OTG_FS_WKUP_IRQHandler
                0x08015864                TIM1_TRG_COM_TIM11_IRQHandler
                0x08015864                OTG_HS_IRQHandler
                0x08015864                EXTI1_IRQHandler
                0x08015864                USART2_IRQHandler
                0x08015864                I2C2_ER_IRQHandler
                0x08015864                DMA2_Stream1_IRQHandler
                0x08015864                CAN1_SCE_IRQHandler
                0x08015864                FLASH_IRQHandler
                0x08015864                DMA2_Stream4_IRQHandler
                0x08015864                USART1_IRQHandler
                0x08015864                OTG_FS_IRQHandler
                0x08015864                SPI3_IRQHandler
                0x08015864                DMA1_Stream4_IRQHandler
                0x08015864                I2C1_ER_IRQHandler
                0x08015864                DMA2_Stream6_IRQHandler
                0x08015864                DMA1_Stream3_IRQHandler
 *fill*         0x08015866        0x2 
 .text.__libc_init_array
                0x08015868       0x48 c:/program files (x86)/atollic/truestudio for stm32 9.0.0/armtools/bin/../lib/gcc/arm-atollic-eabi/6.3.1/../../../../arm-atollic-eabi/lib/armv7e-m/fpu\libc_nano.a(lib_a-init.o)
                0x08015868                __libc_init_array
 .text.memcpy   0x080158b0       0x16 c:/program files (x86)/atollic/truestudio for stm32 9.0.0/armtools/bin/../lib/gcc/arm-atollic-eabi/6.3.1/../../../../arm-atollic-eabi/lib/armv7e-m/fpu\libc_nano.a(lib_a-memcpy-stub.o)
                0x080158b0                memcpy
 .text.memset   0x080158c6       0x10 c:/program files (x86)/atollic/truestudio for stm32 9.0.0/armtools/bin/../lib/gcc/arm-atollic-eabi/6.3.1/../../../../arm-atollic-eabi/lib/armv7e-m/fpu\libc_nano.a(lib_a-memset.o)
                0x080158c6                memset
 *fill*         0x080158d6        0x2 
 .text._write   0x080158d8       0x10 c:/program files (x86)/atollic/truestudio for stm32 9.0.0/armtools/bin/../lib/gcc/arm-atollic-eabi/6.3.1/../../../../arm-atollic-eabi/lib/armv7e-m/fpu\libnosys.a(write.o)
                0x080158d8                _write
 *(.glue_7)
 .glue_7        0x080158e8        0x0 linker stubs
 *(.glue_7t)
 .glue_7t       0x080158e8        0x0 linker stubs
 *(.eh_frame)
 .eh_frame      0x080158e8        0x0 c:/program files (x86)/atollic/truestudio for stm32 9.0.0/armtools/bin/../lib/gcc/arm-atollic-eabi/6.3.1/armv7e-m/fpu/crtbegin.o
 .eh_frame      0x080158e8        0x4 c:/program files (x86)/atollic/truestudio for stm32 9.0.0/armtools/bin/../lib/gcc/arm-atollic-eabi/6.3.1/armv7e-m/fpu/crtend.o
 *(.init)
 .init          0x080158ec        0x4 c:/program files (x86)/atollic/truestudio for stm32 9.0.0/armtools/bin/../lib/gcc/arm-atollic-eabi/6.3.1/armv7e-m/fpu/crti.o
                0x080158ec                _init
 .init          0x080158f0        0x8 c:/program files (x86)/atollic/truestudio for stm32 9.0.0/armtools/bin/../lib/gcc/arm-atollic-eabi/6.3.1/armv7e-m/fpu/crtn.o
 *(.fini)
 .fini          0x080158f8        0x4 c:/program files (x86)/atollic/truestudio for stm32 9.0.0/armtools/bin/../lib/gcc/arm-atollic-eabi/6.3.1/armv7e-m/fpu/crti.o
                0x080158f8                _fini
 .fini          0x080158fc        0x8 c:/program files (x86)/atollic/truestudio for stm32 9.0.0/armtools/bin/../lib/gcc/arm-atollic-eabi/6.3.1/armv7e-m/fpu/crtn.o
                0x08015904                . = ALIGN (0x4)
                0x08015904                _etext = .

.vfp11_veneer   0x08015904        0x0
 .vfp11_veneer  0x08015904        0x0 linker stubs

.v4_bx          0x08015904        0x0
 .v4_bx         0x08015904        0x0 linker stubs

.iplt           0x08015904        0x0
 .iplt          0x08015904        0x0 c:/program files (x86)/atollic/truestudio for stm32 9.0.0/armtools/bin/../lib/gcc/arm-atollic-eabi/6.3.1/armv7e-m/fpu/crtbegin.o

.rodata         0x08015904       0x3c
                0x08015904                . = ALIGN (0x4)
 *(.rodata)
 .rodata        0x08015904        0x4 FreeRTOS\Source\portable\GCC\ARM_CM4F\port.o
 .rodata        0x08015908        0x2 FreeRTOS\Source\portable\MemMang\heap_2.o
 *fill*         0x0801590a        0x2 
 .rodata        0x0801590c        0x5 FreeRTOS\Source\tasks.o
 *fill*         0x08015911        0x3 
 .rodata        0x08015914        0xd FreeRTOS\Source\timers.o
 *fill*         0x08015921        0x3 
 .rodata        0x08015924       0x15 src\main.o
 *fill*         0x08015939        0x3 
 .rodata        0x0801593c        0x2 src\tiny_printf.o
 *(.rodata*)
                0x08015940                . = ALIGN (0x4)
 *fill*         0x0801593e        0x2 

.rel.dyn        0x08015940        0x0
 .rel.iplt      0x08015940        0x0 c:/program files (x86)/atollic/truestudio for stm32 9.0.0/armtools/bin/../lib/gcc/arm-atollic-eabi/6.3.1/armv7e-m/fpu/crtbegin.o

.ARM.extab
 *(.ARM.extab* .gnu.linkonce.armextab.*)

.ARM            0x08015940        0x0
                0x08015940                __exidx_start = .
 *(.ARM.exidx*)
                0x08015940                __exidx_end = .

.preinit_array  0x08015940        0x0
                0x08015940                PROVIDE (__preinit_array_start, .)
 *(.preinit_array*)
                0x08015940                PROVIDE (__preinit_array_end, .)

.init_array     0x08015940        0x4
                0x08015940                PROVIDE (__init_array_start, .)
 *(SORT(.init_array.*))
 *(.init_array*)
 .init_array    0x08015940        0x4 c:/program files (x86)/atollic/truestudio for stm32 9.0.0/armtools/bin/../lib/gcc/arm-atollic-eabi/6.3.1/armv7e-m/fpu/crtbegin.o
                0x08015944                PROVIDE (__init_array_end, .)

.fini_array     0x08015944        0x4
                [!provide]                PROVIDE (__fini_array_start, .)
 *(SORT(.fini_array.*))
 *(.fini_array*)
 .fini_array    0x08015944        0x4 c:/program files (x86)/atollic/truestudio for stm32 9.0.0/armtools/bin/../lib/gcc/arm-atollic-eabi/6.3.1/armv7e-m/fpu/crtbegin.o
                [!provide]                PROVIDE (__fini_array_end, .)
                0x08015948                _sidata = LOADADDR (.data)

.data           0x20000000       0x30 load address 0x08015948
                0x20000000                . = ALIGN (0x4)
                0x20000000                _sdata = .
 *(.data)
 .data          0x20000000        0x0 c:/program files (x86)/atollic/truestudio for stm32 9.0.0/armtools/bin/../lib/gcc/arm-atollic-eabi/6.3.1/armv7e-m/fpu/crti.o
 .data          0x20000000        0x4 c:/program files (x86)/atollic/truestudio for stm32 9.0.0/armtools/bin/../lib/gcc/arm-atollic-eabi/6.3.1/armv7e-m/fpu/crtbegin.o
                0x20000000                __dso_handle
 .data          0x20000004        0x0 FreeRTOS\Source\croutine.o
 .data          0x20000004        0x0 FreeRTOS\Source\event_groups.o
 .data          0x20000004        0x0 FreeRTOS\Source\list.o
 .data          0x20000004        0x4 FreeRTOS\Source\portable\GCC\ARM_CM4F\port.o
 .data          0x20000008        0x4 FreeRTOS\Source\portable\MemMang\heap_2.o
 .data          0x2000000c        0x0 FreeRTOS\Source\queue.o
 .data          0x2000000c        0x0 FreeRTOS\Source\stream_buffer.o
 .data          0x2000000c        0x0 FreeRTOS\Source\tasks.o
 .data          0x2000000c        0x0 FreeRTOS\Source\timers.o
 .data          0x2000000c        0x0 Libraries\STM32F4xx_StdPeriph_Driver\src\misc.o
 .data          0x2000000c        0x0 Libraries\STM32F4xx_StdPeriph_Driver\src\stm32f4xx_adc.o
 .data          0x2000000c        0x0 Libraries\STM32F4xx_StdPeriph_Driver\src\stm32f4xx_can.o
 .data          0x2000000c        0x0 Libraries\STM32F4xx_StdPeriph_Driver\src\stm32f4xx_crc.o
 .data          0x2000000c        0x0 Libraries\STM32F4xx_StdPeriph_Driver\src\stm32f4xx_cryp.o
 .data          0x2000000c        0x0 Libraries\STM32F4xx_StdPeriph_Driver\src\stm32f4xx_cryp_aes.o
 .data          0x2000000c        0x0 Libraries\STM32F4xx_StdPeriph_Driver\src\stm32f4xx_cryp_des.o
 .data          0x2000000c        0x0 Libraries\STM32F4xx_StdPeriph_Driver\src\stm32f4xx_cryp_tdes.o
 .data          0x2000000c        0x0 Libraries\STM32F4xx_StdPeriph_Driver\src\stm32f4xx_dac.o
 .data          0x2000000c        0x0 Libraries\STM32F4xx_StdPeriph_Driver\src\stm32f4xx_dbgmcu.o
 .data          0x2000000c        0x0 Libraries\STM32F4xx_StdPeriph_Driver\src\stm32f4xx_dcmi.o
 .data          0x2000000c        0x0 Libraries\STM32F4xx_StdPeriph_Driver\src\stm32f4xx_dma.o
 .data          0x2000000c        0x0 Libraries\STM32F4xx_StdPeriph_Driver\src\stm32f4xx_exti.o
 .data          0x2000000c        0x0 Libraries\STM32F4xx_StdPeriph_Driver\src\stm32f4xx_flash.o
 .data          0x2000000c        0x0 Libraries\STM32F4xx_StdPeriph_Driver\src\stm32f4xx_fsmc.o
 .data          0x2000000c        0x0 Libraries\STM32F4xx_StdPeriph_Driver\src\stm32f4xx_gpio.o
 .data          0x2000000c        0x0 Libraries\STM32F4xx_StdPeriph_Driver\src\stm32f4xx_hash.o
 .data          0x2000000c        0x0 Libraries\STM32F4xx_StdPeriph_Driver\src\stm32f4xx_hash_md5.o
 .data          0x2000000c        0x0 Libraries\STM32F4xx_StdPeriph_Driver\src\stm32f4xx_hash_sha1.o
 .data          0x2000000c        0x0 Libraries\STM32F4xx_StdPeriph_Driver\src\stm32f4xx_i2c.o
 .data          0x2000000c        0x0 Libraries\STM32F4xx_StdPeriph_Driver\src\stm32f4xx_iwdg.o
 .data          0x2000000c        0x0 Libraries\STM32F4xx_StdPeriph_Driver\src\stm32f4xx_pwr.o
 .data          0x2000000c       0x10 Libraries\STM32F4xx_StdPeriph_Driver\src\stm32f4xx_rcc.o
 .data          0x2000001c        0x0 Libraries\STM32F4xx_StdPeriph_Driver\src\stm32f4xx_rng.o
 .data          0x2000001c        0x0 Libraries\STM32F4xx_StdPeriph_Driver\src\stm32f4xx_rtc.o
 .data          0x2000001c        0x0 Libraries\STM32F4xx_StdPeriph_Driver\src\stm32f4xx_sdio.o
 .data          0x2000001c        0x0 Libraries\STM32F4xx_StdPeriph_Driver\src\stm32f4xx_spi.o
 .data          0x2000001c        0x0 Libraries\STM32F4xx_StdPeriph_Driver\src\stm32f4xx_syscfg.o
 .data          0x2000001c        0x0 Libraries\STM32F4xx_StdPeriph_Driver\src\stm32f4xx_tim.o
 .data          0x2000001c        0x0 Libraries\STM32F4xx_StdPeriph_Driver\src\stm32f4xx_usart.o
 .data          0x2000001c        0x0 Libraries\STM32F4xx_StdPeriph_Driver\src\stm32f4xx_wwdg.o
 .data          0x2000001c        0x0 src\GPIODriver.o
 .data          0x2000001c        0x0 src\main.o
 .data          0x2000001c        0x0 src\startup_stm32f40xx.o
 .data          0x2000001c        0x0 src\stm32f4xx_it.o
 .data          0x2000001c       0x14 src\system_stm32f4xx.o
                0x2000001c                SystemCoreClock
                0x20000020                AHBPrescTable
 .data          0x20000030        0x0 src\tiny_printf.o
 .data          0x20000030        0x0 c:/program files (x86)/atollic/truestudio for stm32 9.0.0/armtools/bin/../lib/gcc/arm-atollic-eabi/6.3.1/../../../../arm-atollic-eabi/lib/armv7e-m/fpu\libc_nano.a(lib_a-init.o)
 .data          0x20000030        0x0 c:/program files (x86)/atollic/truestudio for stm32 9.0.0/armtools/bin/../lib/gcc/arm-atollic-eabi/6.3.1/../../../../arm-atollic-eabi/lib/armv7e-m/fpu\libc_nano.a(lib_a-memcpy-stub.o)
 .data          0x20000030        0x0 c:/program files (x86)/atollic/truestudio for stm32 9.0.0/armtools/bin/../lib/gcc/arm-atollic-eabi/6.3.1/../../../../arm-atollic-eabi/lib/armv7e-m/fpu\libc_nano.a(lib_a-memset.o)
 .data          0x20000030        0x0 c:/program files (x86)/atollic/truestudio for stm32 9.0.0/armtools/bin/../lib/gcc/arm-atollic-eabi/6.3.1/../../../../arm-atollic-eabi/lib/armv7e-m/fpu\libc_nano.a(lib_a-strlen.o)
 .data          0x20000030        0x0 c:/program files (x86)/atollic/truestudio for stm32 9.0.0/armtools/bin/../lib/gcc/arm-atollic-eabi/6.3.1/../../../../arm-atollic-eabi/lib/armv7e-m/fpu\libnosys.a(write.o)
 .data          0x20000030        0x0 c:/program files (x86)/atollic/truestudio for stm32 9.0.0/armtools/bin/../lib/gcc/arm-atollic-eabi/6.3.1/../../../../arm-atollic-eabi/lib/armv7e-m/fpu\libnosys.a(errno.o)
 .data          0x20000030        0x0 c:/program files (x86)/atollic/truestudio for stm32 9.0.0/armtools/bin/../lib/gcc/arm-atollic-eabi/6.3.1/armv7e-m/fpu/crtend.o
 .data          0x20000030        0x0 c:/program files (x86)/atollic/truestudio for stm32 9.0.0/armtools/bin/../lib/gcc/arm-atollic-eabi/6.3.1/armv7e-m/fpu/crtn.o
 *(.data*)
                0x20000030                . = ALIGN (0x4)
                0x20000030                _edata = .
                0x08015978                _siccmram = LOADADDR (.ccmram)

.igot.plt       0x20000030        0x0 load address 0x08015978
 .igot.plt      0x20000030        0x0 c:/program files (x86)/atollic/truestudio for stm32 9.0.0/armtools/bin/../lib/gcc/arm-atollic-eabi/6.3.1/armv7e-m/fpu/crtbegin.o

.ccmram         0x10000000        0x0 load address 0x08015978
                0x10000000                . = ALIGN (0x4)
                0x10000000                _sccmram = .
 *(.ccmram)
 *(.ccmram*)
                0x10000000                . = ALIGN (0x4)
                0x10000000                _eccmram = .
                0x10000000                . = ALIGN (0x4)

.bss            0x20000030    0x12de4
                0x20000030                _sbss = .
                0x20000030                __bss_start__ = _sbss
 *(.bss)
 .bss           0x20000030        0x0 c:/program files (x86)/atollic/truestudio for stm32 9.0.0/armtools/bin/../lib/gcc/arm-atollic-eabi/6.3.1/armv7e-m/fpu/crti.o
 .bss           0x20000030       0x1c c:/program files (x86)/atollic/truestudio for stm32 9.0.0/armtools/bin/../lib/gcc/arm-atollic-eabi/6.3.1/armv7e-m/fpu/crtbegin.o
 .bss           0x2000004c        0x0 FreeRTOS\Source\croutine.o
 .bss           0x2000004c        0x0 FreeRTOS\Source\event_groups.o
 .bss           0x2000004c        0x0 FreeRTOS\Source\list.o
 .bss           0x2000004c        0x8 FreeRTOS\Source\portable\GCC\ARM_CM4F\port.o
 .bss           0x20000054    0x12c14 FreeRTOS\Source\portable\MemMang\heap_2.o
 .bss           0x20012c68        0x0 FreeRTOS\Source\queue.o
 .bss           0x20012c68        0x0 FreeRTOS\Source\stream_buffer.o
 .bss           0x20012c68      0x104 FreeRTOS\Source\tasks.o
                0x20012c68                pxCurrentTCB
 .bss           0x20012d6c       0x3c FreeRTOS\Source\timers.o
 .bss           0x20012da8        0x0 Libraries\STM32F4xx_StdPeriph_Driver\src\misc.o
 .bss           0x20012da8        0x0 Libraries\STM32F4xx_StdPeriph_Driver\src\stm32f4xx_adc.o
 .bss           0x20012da8        0x0 Libraries\STM32F4xx_StdPeriph_Driver\src\stm32f4xx_can.o
 .bss           0x20012da8        0x0 Libraries\STM32F4xx_StdPeriph_Driver\src\stm32f4xx_crc.o
 .bss           0x20012da8        0x0 Libraries\STM32F4xx_StdPeriph_Driver\src\stm32f4xx_cryp.o
 .bss           0x20012da8        0x0 Libraries\STM32F4xx_StdPeriph_Driver\src\stm32f4xx_cryp_aes.o
 .bss           0x20012da8        0x0 Libraries\STM32F4xx_StdPeriph_Driver\src\stm32f4xx_cryp_des.o
 .bss           0x20012da8        0x0 Libraries\STM32F4xx_StdPeriph_Driver\src\stm32f4xx_cryp_tdes.o
 .bss           0x20012da8        0x0 Libraries\STM32F4xx_StdPeriph_Driver\src\stm32f4xx_dac.o
 .bss           0x20012da8        0x0 Libraries\STM32F4xx_StdPeriph_Driver\src\stm32f4xx_dbgmcu.o
 .bss           0x20012da8        0x0 Libraries\STM32F4xx_StdPeriph_Driver\src\stm32f4xx_dcmi.o
[...]
fputs                                             src\tiny_printf.o
fwrite                                            src\tiny_printf.o
g_pfnVectors                                      src\startup_stm32f40xx.o
gpioCfg                                           src\GPIODriver.o
                                                  src\main.o
gpioGetPinState                                   src\GPIODriver.o
gpioPinSetState                                   src\GPIODriver.o
                                                  src\main.o
iprintf                                           src\tiny_printf.o
main                                              src\main.o
                                                  src\startup_stm32f40xx.o
memcpy                                            c:/program files (x86)/atollic/truestudio for stm32 9.0.0/armtools/bin/../lib/gcc/arm-atollic-eabi/6.3.1/../../../../arm-atollic-eabi/lib/armv7e-m/fpu\libc_nano.a(lib_a-memcpy-stub.o)
                                                  FreeRTOS\Source\stream_buffer.o
                                                  FreeRTOS\Source\queue.o
memset                                            c:/program files (x86)/atollic/truestudio for stm32 9.0.0/armtools/bin/../lib/gcc/arm-atollic-eabi/6.3.1/../../../../arm-atollic-eabi/lib/armv7e-m/fpu\libc_nano.a(lib_a-memset.o)
                                                  FreeRTOS\Source\tasks.o
                                                  FreeRTOS\Source\stream_buffer.o
pcQueueGetName                                    FreeRTOS\Source\queue.o
pcTaskGetName                                     FreeRTOS\Source\tasks.o
pcTimerGetName                                    FreeRTOS\Source\timers.o
printf                                            src\tiny_printf.o
puts                                              src\tiny_printf.o
pvPortMalloc                                      FreeRTOS\Source\portable\MemMang\heap_2.o
                                                  FreeRTOS\Source\timers.o
                                                  FreeRTOS\Source\tasks.o
                                                  FreeRTOS\Source\stream_buffer.o
                                                  FreeRTOS\Source\queue.o
                                                  FreeRTOS\Source\event_groups.o
pvTaskIncrementMutexHeldCount                     FreeRTOS\Source\tasks.o
                                                  FreeRTOS\Source\queue.o
pvTimerGetTimerID                                 FreeRTOS\Source\timers.o
pxCurrentTCB                                      FreeRTOS\Source\tasks.o
                                                  FreeRTOS\Source\portable\GCC\ARM_CM4F\port.o
pxPortInitialiseStack                             FreeRTOS\Source\portable\GCC\ARM_CM4F\port.o
                                                  FreeRTOS\Source\tasks.o
siprintf                                          src\tiny_printf.o
sprintf                                           src\tiny_printf.o
strlen                                            c:/program files (x86)/atollic/truestudio for stm32 9.0.0/armtools/bin/../lib/gcc/arm-atollic-eabi/6.3.1/../../../../arm-atollic-eabi/lib/armv7e-m/fpu\libc_nano.a(lib_a-strlen.o)
                                                  src\tiny_printf.o
ts_formatlength                                   src\tiny_printf.o
ts_formatstring                                   src\tiny_printf.o
ts_itoa                                           src\tiny_printf.o
ucQueueGetQueueType                               FreeRTOS\Source\queue.o
ucStreamBufferGetStreamBufferType                 FreeRTOS\Source\stream_buffer.o
ulTaskNotifyTake                                  FreeRTOS\Source\tasks.o
uxEventGroupGetNumber                             FreeRTOS\Source\event_groups.o
uxListRemove                                      FreeRTOS\Source\list.o
                                                  FreeRTOS\Source\timers.o
                                                  FreeRTOS\Source\tasks.o
uxQueueGetQueueNumber                             FreeRTOS\Source\queue.o
uxQueueMessagesWaiting                            FreeRTOS\Source\queue.o
uxQueueMessagesWaitingFromISR                     FreeRTOS\Source\queue.o
uxQueueSpacesAvailable                            FreeRTOS\Source\queue.o
uxStreamBufferGetStreamBufferNumber               FreeRTOS\Source\stream_buffer.o
uxTaskGetNumberOfTasks                            FreeRTOS\Source\tasks.o
uxTaskGetSystemState                              FreeRTOS\Source\tasks.o
uxTaskGetTaskNumber                               FreeRTOS\Source\tasks.o
uxTaskPriorityGet                                 FreeRTOS\Source\tasks.o
uxTaskPriorityGetFromISR                          FreeRTOS\Source\tasks.o
uxTaskResetEventItemValue                         FreeRTOS\Source\tasks.o
                                                  FreeRTOS\Source\event_groups.o
uxTimerGetTimerNumber                             FreeRTOS\Source\timers.o
vApplicationTickHook                              src\main.o
                                                  FreeRTOS\Source\tasks.o
vEventGroupClearBitsCallback                      FreeRTOS\Source\event_groups.o
vEventGroupDelete                                 FreeRTOS\Source\event_groups.o
vEventGroupSetBitsCallback                        FreeRTOS\Source\event_groups.o
vEventGroupSetNumber                              FreeRTOS\Source\event_groups.o
vLedTask1                                         src\main.o
vLedTask2                                         src\main.o
vListInitialise                                   FreeRTOS\Source\list.o
                                                  FreeRTOS\Source\timers.o
                                                  FreeRTOS\Source\tasks.o
                                                  FreeRTOS\Source\queue.o
                                                  FreeRTOS\Source\event_groups.o
vListInitialiseItem                               FreeRTOS\Source\list.o
                                                  FreeRTOS\Source\timers.o
                                                  FreeRTOS\Source\tasks.o
vListInsert                                       FreeRTOS\Source\list.o
                                                  FreeRTOS\Source\timers.o
                                                  FreeRTOS\Source\tasks.o
vListInsertEnd                                    FreeRTOS\Source\list.o
                                                  FreeRTOS\Source\tasks.o
vPortEndScheduler                                 FreeRTOS\Source\portable\GCC\ARM_CM4F\port.o
                                                  FreeRTOS\Source\tasks.o
vPortEnterCritical                                FreeRTOS\Source\portable\GCC\ARM_CM4F\port.o
                                                  FreeRTOS\Source\timers.o
                                                  FreeRTOS\Source\tasks.o
                                                  FreeRTOS\Source\stream_buffer.o
                                                  FreeRTOS\Source\queue.o
                                                  FreeRTOS\Source\event_groups.o
vPortExitCritical                                 FreeRTOS\Source\portable\GCC\ARM_CM4F\port.o
                                                  FreeRTOS\Source\timers.o
                                                  FreeRTOS\Source\tasks.o
                                                  FreeRTOS\Source\stream_buffer.o
                                                  FreeRTOS\Source\queue.o
                                                  FreeRTOS\Source\event_groups.o
vPortFree                                         FreeRTOS\Source\portable\MemMang\heap_2.o
                                                  FreeRTOS\Source\timers.o
                                                  FreeRTOS\Source\tasks.o
                                                  FreeRTOS\Source\stream_buffer.o
                                                  FreeRTOS\Source\queue.o
                                                  FreeRTOS\Source\event_groups.o
vPortInitialiseBlocks                             FreeRTOS\Source\portable\MemMang\heap_2.o
vPortSetupTimerInterrupt                          FreeRTOS\Source\portable\GCC\ARM_CM4F\port.o
vPortValidateInterruptPriority                    FreeRTOS\Source\portable\GCC\ARM_CM4F\port.o
                                                  FreeRTOS\Source\tasks.o
                                                  FreeRTOS\Source\queue.o
vQueueAddToRegistry                               FreeRTOS\Source\queue.o
                                                  FreeRTOS\Source\timers.o
vQueueDelete                                      FreeRTOS\Source\queue.o
vQueueSetQueueNumber                              FreeRTOS\Source\queue.o
vQueueUnregisterQueue                             FreeRTOS\Source\queue.o
vQueueWaitForMessageRestricted                    FreeRTOS\Source\queue.o
                                                  FreeRTOS\Source\timers.o
vStreamBufferDelete                               FreeRTOS\Source\stream_buffer.o
vStreamBufferSetStreamBufferNumber                FreeRTOS\Source\stream_buffer.o
vTaskDelay                                        FreeRTOS\Source\tasks.o
                                                  src\main.o
vTaskDelayUntil                                   FreeRTOS\Source\tasks.o
vTaskDelete                                       FreeRTOS\Source\tasks.o
vTaskEndScheduler                                 FreeRTOS\Source\tasks.o
vTaskGetInfo                                      FreeRTOS\Source\tasks.o
vTaskInternalSetTimeOutState                      FreeRTOS\Source\tasks.o
                                                  FreeRTOS\Source\queue.o
vTaskMissedYield                                  FreeRTOS\Source\tasks.o
                                                  FreeRTOS\Source\queue.o
vTaskNotifyGiveFromISR                            FreeRTOS\Source\tasks.o
vTaskPlaceOnEventList                             FreeRTOS\Source\tasks.o
                                                  FreeRTOS\Source\queue.o
vTaskPlaceOnEventListRestricted                   FreeRTOS\Source\tasks.o
                                                  FreeRTOS\Source\queue.o
vTaskPlaceOnUnorderedEventList                    FreeRTOS\Source\tasks.o
                                                  FreeRTOS\Source\event_groups.o
vTaskPriorityDisinheritAfterTimeout               FreeRTOS\Source\tasks.o
                                                  FreeRTOS\Source\queue.o
vTaskPrioritySet                                  FreeRTOS\Source\tasks.o
vTaskRemoveFromUnorderedEventList                 FreeRTOS\Source\tasks.o
                                                  FreeRTOS\Source\event_groups.o
vTaskResume                                       FreeRTOS\Source\tasks.o
vTaskSetTaskNumber                                FreeRTOS\Source\tasks.o
vTaskSetTimeOutState                              FreeRTOS\Source\tasks.o
                                                  FreeRTOS\Source\stream_buffer.o
vTaskStartScheduler                               FreeRTOS\Source\tasks.o
                                                  src\main.o
vTaskSuspend                                      FreeRTOS\Source\tasks.o
vTaskSuspendAll                                   FreeRTOS\Source\tasks.o
                                                  FreeRTOS\Source\timers.o
                                                  FreeRTOS\Source\stream_buffer.o
                                                  FreeRTOS\Source\queue.o
                                                  FreeRTOS\Source\portable\MemMang\heap_2.o
                                                  FreeRTOS\Source\event_groups.o
vTaskSwitchContext                                FreeRTOS\Source\tasks.o
                                                  FreeRTOS\Source\portable\GCC\ARM_CM4F\port.o
vTimerSetReloadMode                               FreeRTOS\Source\timers.o
vTimerSetTimerID                                  FreeRTOS\Source\timers.o
vTimerSetTimerNumber                              FreeRTOS\Source\timers.o
xEventGroupClearBits                              FreeRTOS\Source\event_groups.o
xEventGroupCreate                                 FreeRTOS\Source\event_groups.o
xEventGroupGetBitsFromISR                         FreeRTOS\Source\event_groups.o
xEventGroupSetBits                                FreeRTOS\Source\event_groups.o
xEventGroupSync                                   FreeRTOS\Source\event_groups.o
xEventGroupWaitBits                               FreeRTOS\Source\event_groups.o
xLed1                                             src\main.o
xLed2                                             src\main.o
xMutex                                            src\main.o
xPortGetFreeHeapSize                              FreeRTOS\Source\portable\MemMang\heap_2.o
xPortStartScheduler                               FreeRTOS\Source\portable\GCC\ARM_CM4F\port.o
                                                  FreeRTOS\Source\tasks.o
xQueueCreateCountingSemaphore                     FreeRTOS\Source\queue.o
xQueueCreateMutex                                 FreeRTOS\Source\queue.o
                                                  src\main.o
xQueueGenericCreate                               FreeRTOS\Source\queue.o
                                                  src\main.o
                                                  FreeRTOS\Source\timers.o
xQueueGenericReset                                FreeRTOS\Source\queue.o
xQueueGenericSend                                 FreeRTOS\Source\queue.o
                                                  src\main.o
                                                  FreeRTOS\Source\timers.o
xQueueGenericSendFromISR                          FreeRTOS\Source\queue.o
                                                  FreeRTOS\Source\timers.o
xQueueGiveFromISR                                 FreeRTOS\Source\queue.o
xQueueGiveMutexRecursive                          FreeRTOS\Source\queue.o
xQueueIsQueueEmptyFromISR                         FreeRTOS\Source\queue.o
xQueueIsQueueFullFromISR                          FreeRTOS\Source\queue.o
xQueuePeek                                        FreeRTOS\Source\queue.o
xQueuePeekFromISR                                 FreeRTOS\Source\queue.o
xQueueReceive                                     FreeRTOS\Source\queue.o
                                                  FreeRTOS\Source\timers.o
xQueueReceiveFromISR                              FreeRTOS\Source\queue.o
xQueueRegistry                                    FreeRTOS\Source\queue.o
xQueueSemaphoreTake                               FreeRTOS\Source\queue.o
                                                  src\main.o
xQueueTakeMutexRecursive                          FreeRTOS\Source\queue.o
xSemaphore                                        src\main.o
xStreamBufferBytesAvailable                       FreeRTOS\Source\stream_buffer.o
xStreamBufferGenericCreate                        FreeRTOS\Source\stream_buffer.o
xStreamBufferIsEmpty                              FreeRTOS\Source\stream_buffer.o
xStreamBufferIsFull                               FreeRTOS\Source\stream_buffer.o
xStreamBufferNextMessageLengthBytes               FreeRTOS\Source\stream_buffer.o
xStreamBufferReceive                              FreeRTOS\Source\stream_buffer.o
xStreamBufferReceiveCompletedFromISR              FreeRTOS\Source\stream_buffer.o
xStreamBufferReceiveFromISR                       FreeRTOS\Source\stream_buffer.o
xStreamBufferReset                                FreeRTOS\Source\stream_buffer.o
xStreamBufferSend                                 FreeRTOS\Source\stream_buffer.o
xStreamBufferSendCompletedFromISR                 FreeRTOS\Source\stream_buffer.o
xStreamBufferSendFromISR                          FreeRTOS\Source\stream_buffer.o
xStreamBufferSetTriggerLevel                      FreeRTOS\Source\stream_buffer.o
xStreamBufferSpacesAvailable                      FreeRTOS\Source\stream_buffer.o
xTaskCatchUpTicks                                 FreeRTOS\Source\tasks.o
xTaskCheckForTimeOut                              FreeRTOS\Source\tasks.o
                                                  FreeRTOS\Source\stream_buffer.o
                                                  FreeRTOS\Source\queue.o
xTaskCreate                                       FreeRTOS\Source\tasks.o
                                                  src\main.o
                                                  FreeRTOS\Source\timers.o
xTaskGenericNotify                                FreeRTOS\Source\tasks.o
                                                  FreeRTOS\Source\stream_buffer.o
xTaskGenericNotifyFromISR                         FreeRTOS\Source\tasks.o
                                                  FreeRTOS\Source\stream_buffer.o
xTaskGetCurrentTaskHandle                         FreeRTOS\Source\tasks.o
                                                  FreeRTOS\Source\stream_buffer.o
                                                  FreeRTOS\Source\queue.o
xTaskGetSchedulerState                            FreeRTOS\Source\tasks.o
                                                  FreeRTOS\Source\timers.o
                                                  FreeRTOS\Source\queue.o
                                                  FreeRTOS\Source\event_groups.o
xTaskGetTickCount                                 FreeRTOS\Source\tasks.o
                                                  FreeRTOS\Source\timers.o
xTaskGetTickCountFromISR                          FreeRTOS\Source\tasks.o
xTaskIncrementTick                                FreeRTOS\Source\tasks.o
                                                  FreeRTOS\Source\portable\GCC\ARM_CM4F\port.o
xTaskNotifyStateClear                             FreeRTOS\Source\tasks.o
                                                  FreeRTOS\Source\stream_buffer.o
xTaskNotifyWait                                   FreeRTOS\Source\tasks.o
                                                  FreeRTOS\Source\stream_buffer.o
xTaskPriorityDisinherit                           FreeRTOS\Source\tasks.o
                                                  FreeRTOS\Source\queue.o
xTaskPriorityInherit                              FreeRTOS\Source\tasks.o
                                                  FreeRTOS\Source\queue.o
xTaskRemoveFromEventList                          FreeRTOS\Source\tasks.o
                                                  FreeRTOS\Source\queue.o
xTaskResumeAll                                    FreeRTOS\Source\tasks.o
                                                  FreeRTOS\Source\timers.o
                                                  FreeRTOS\Source\stream_buffer.o
                                                  FreeRTOS\Source\queue.o
                                                  FreeRTOS\Source\portable\MemMang\heap_2.o
                                                  FreeRTOS\Source\event_groups.o
xTaskResumeFromISR                                FreeRTOS\Source\tasks.o
xTimerCreate                                      FreeRTOS\Source\timers.o
xTimerCreateTimerTask                             FreeRTOS\Source\timers.o
                                                  FreeRTOS\Source\tasks.o
xTimerGenericCommand                              FreeRTOS\Source\timers.o
xTimerGetExpiryTime                               FreeRTOS\Source\timers.o
xTimerGetPeriod                                   FreeRTOS\Source\timers.o
xTimerGetTimerDaemonTaskHandle                    FreeRTOS\Source\timers.o
xTimerIsTimerActive                               FreeRTOS\Source\timers.o
